Archive member included to satisfy reference by file (symbol)

c:/program files/stm32cubeide_1.7.0/stm32cubeide/plugins/com.st.stm32cube.ide.mcu.externaltools.gnu-tools-for-stm32.10.3-2021.10.win32_1.0.100.202210260954/tools/bin/../lib/gcc/arm-none-eabi/10.3.1/../../../../arm-none-eabi/lib/thumb/v7e-m+fp/hard\libc_nano.a(lib_a-errno.o)
                              ./Core/Src/syscalls.o (__errno)
c:/program files/stm32cubeide_1.7.0/stm32cubeide/plugins/com.st.stm32cube.ide.mcu.externaltools.gnu-tools-for-stm32.10.3-2021.10.win32_1.0.100.202210260954/tools/bin/../lib/gcc/arm-none-eabi/10.3.1/../../../../arm-none-eabi/lib/thumb/v7e-m+fp/hard\libc_nano.a(lib_a-exit.o)
                              c:/program files/stm32cubeide_1.7.0/stm32cubeide/plugins/com.st.stm32cube.ide.mcu.externaltools.gnu-tools-for-stm32.10.3-2021.10.win32_1.0.100.202210260954/tools/bin/../lib/gcc/arm-none-eabi/10.3.1/../../../../arm-none-eabi/lib/thumb/v7e-m+fp/hard/crt0.o (exit)
c:/program files/stm32cubeide_1.7.0/stm32cubeide/plugins/com.st.stm32cube.ide.mcu.externaltools.gnu-tools-for-stm32.10.3-2021.10.win32_1.0.100.202210260954/tools/bin/../lib/gcc/arm-none-eabi/10.3.1/../../../../arm-none-eabi/lib/thumb/v7e-m+fp/hard\libc_nano.a(lib_a-findfp.o)
                              ./Middlewares/Third_Party/FreeRTOS/Source/tasks.o (__sf_fake_stderr)
c:/program files/stm32cubeide_1.7.0/stm32cubeide/plugins/com.st.stm32cube.ide.mcu.externaltools.gnu-tools-for-stm32.10.3-2021.10.win32_1.0.100.202210260954/tools/bin/../lib/gcc/arm-none-eabi/10.3.1/../../../../arm-none-eabi/lib/thumb/v7e-m+fp/hard\libc_nano.a(lib_a-fwalk.o)
                              c:/program files/stm32cubeide_1.7.0/stm32cubeide/plugins/com.st.stm32cube.ide.mcu.externaltools.gnu-tools-for-stm32.10.3-2021.10.win32_1.0.100.202210260954/tools/bin/../lib/gcc/arm-none-eabi/10.3.1/../../../../arm-none-eabi/lib/thumb/v7e-m+fp/hard\libc_nano.a(lib_a-findfp.o) (_fwalk)
c:/program files/stm32cubeide_1.7.0/stm32cubeide/plugins/com.st.stm32cube.ide.mcu.externaltools.gnu-tools-for-stm32.10.3-2021.10.win32_1.0.100.202210260954/tools/bin/../lib/gcc/arm-none-eabi/10.3.1/../../../../arm-none-eabi/lib/thumb/v7e-m+fp/hard\libc_nano.a(lib_a-impure.o)
                              c:/program files/stm32cubeide_1.7.0/stm32cubeide/plugins/com.st.stm32cube.ide.mcu.externaltools.gnu-tools-for-stm32.10.3-2021.10.win32_1.0.100.202210260954/tools/bin/../lib/gcc/arm-none-eabi/10.3.1/../../../../arm-none-eabi/lib/thumb/v7e-m+fp/hard\libc_nano.a(lib_a-exit.o) (_global_impure_ptr)
c:/program files/stm32cubeide_1.7.0/stm32cubeide/plugins/com.st.stm32cube.ide.mcu.externaltools.gnu-tools-for-stm32.10.3-2021.10.win32_1.0.100.202210260954/tools/bin/../lib/gcc/arm-none-eabi/10.3.1/../../../../arm-none-eabi/lib/thumb/v7e-m+fp/hard\libc_nano.a(lib_a-init.o)
                              c:/program files/stm32cubeide_1.7.0/stm32cubeide/plugins/com.st.stm32cube.ide.mcu.externaltools.gnu-tools-for-stm32.10.3-2021.10.win32_1.0.100.202210260954/tools/bin/../lib/gcc/arm-none-eabi/10.3.1/../../../../arm-none-eabi/lib/thumb/v7e-m+fp/hard/crt0.o (__libc_init_array)
c:/program files/stm32cubeide_1.7.0/stm32cubeide/plugins/com.st.stm32cube.ide.mcu.externaltools.gnu-tools-for-stm32.10.3-2021.10.win32_1.0.100.202210260954/tools/bin/../lib/gcc/arm-none-eabi/10.3.1/../../../../arm-none-eabi/lib/thumb/v7e-m+fp/hard\libc_nano.a(lib_a-lock.o)
                              c:/program files/stm32cubeide_1.7.0/stm32cubeide/plugins/com.st.stm32cube.ide.mcu.externaltools.gnu-tools-for-stm32.10.3-2021.10.win32_1.0.100.202210260954/tools/bin/../lib/gcc/arm-none-eabi/10.3.1/../../../../arm-none-eabi/lib/thumb/v7e-m+fp/hard\libc_nano.a(lib_a-findfp.o) (__retarget_lock_init_recursive)
c:/program files/stm32cubeide_1.7.0/stm32cubeide/plugins/com.st.stm32cube.ide.mcu.externaltools.gnu-tools-for-stm32.10.3-2021.10.win32_1.0.100.202210260954/tools/bin/../lib/gcc/arm-none-eabi/10.3.1/../../../../arm-none-eabi/lib/thumb/v7e-m+fp/hard\libc_nano.a(lib_a-memcpy-stub.o)
                              ./Middlewares/Third_Party/FreeRTOS/Source/CMSIS_RTOS_V2/cmsis_os2.o (memcpy)
c:/program files/stm32cubeide_1.7.0/stm32cubeide/plugins/com.st.stm32cube.ide.mcu.externaltools.gnu-tools-for-stm32.10.3-2021.10.win32_1.0.100.202210260954/tools/bin/../lib/gcc/arm-none-eabi/10.3.1/../../../../arm-none-eabi/lib/thumb/v7e-m+fp/hard\libc_nano.a(lib_a-memset.o)
                              c:/program files/stm32cubeide_1.7.0/stm32cubeide/plugins/com.st.stm32cube.ide.mcu.externaltools.gnu-tools-for-stm32.10.3-2021.10.win32_1.0.100.202210260954/tools/bin/../lib/gcc/arm-none-eabi/10.3.1/../../../../arm-none-eabi/lib/thumb/v7e-m+fp/hard/crt0.o (memset)
c:/program files/stm32cubeide_1.7.0/stm32cubeide/plugins/com.st.stm32cube.ide.mcu.externaltools.gnu-tools-for-stm32.10.3-2021.10.win32_1.0.100.202210260954/tools/bin/../lib/gcc/arm-none-eabi/10.3.1/../../../../arm-none-eabi/lib/thumb/v7e-m+fp/hard\libc_nano.a(lib_a-nano-mallocr.o)
[...]
Memory Configuration

Name             Origin             Length             Attributes
RAM              0x0000000020000000 0x0000000000020000 xrw
FLASH            0x0000000008000000 0x0000000000080000 xr
*default*        0x0000000000000000 0xffffffffffffffff

Linker script and memory map

LOAD c:/program files/stm32cubeide_1.7.0/stm32cubeide/plugins/com.st.stm32cube.ide.mcu.externaltools.gnu-tools-for-stm32.10.3-2021.10.win32_1.0.100.202210260954/tools/bin/../lib/gcc/arm-none-eabi/10.3.1/thumb/v7e-m+fp/hard/crti.o
LOAD c:/program files/stm32cubeide_1.7.0/stm32cubeide/plugins/com.st.stm32cube.ide.mcu.externaltools.gnu-tools-for-stm32.10.3-2021.10.win32_1.0.100.202210260954/tools/bin/../lib/gcc/arm-none-eabi/10.3.1/thumb/v7e-m+fp/hard/crtbegin.o
LOAD c:/program files/stm32cubeide_1.7.0/stm32cubeide/plugins/com.st.stm32cube.ide.mcu.externaltools.gnu-tools-for-stm32.10.3-2021.10.win32_1.0.100.202210260954/tools/bin/../lib/gcc/arm-none-eabi/10.3.1/../../../../arm-none-eabi/lib/thumb/v7e-m+fp/hard/crt0.o
LOAD ./Core/Src/dma.o
LOAD ./Core/Src/freertos.o
LOAD ./Core/Src/gpio.o
LOAD ./Core/Src/main.o
LOAD ./Core/Src/stm32f4xx_hal_msp.o
LOAD ./Core/Src/stm32f4xx_hal_timebase_tim.o
LOAD ./Core/Src/stm32f4xx_it.o
LOAD ./Core/Src/syscalls.o
LOAD ./Core/Src/sysmem.o
LOAD ./Core/Src/system_stm32f4xx.o
LOAD ./Core/Src/tim.o
LOAD ./Core/Src/usart.o
LOAD ./Core/Startup/startup_stm32f446retx.o
LOAD ./Core/application/BuzzerTask.o
LOAD ./Core/application/DefTask.o
LOAD ./Core/application/Myapp.o
LOAD ./Core/application/print_server.o
LOAD ./Drivers/STM32F4xx_HAL_Driver/Src/stm32f4xx_hal.o
LOAD ./Drivers/STM32F4xx_HAL_Driver/Src/stm32f4xx_hal_cortex.o
LOAD ./Drivers/STM32F4xx_HAL_Driver/Src/stm32f4xx_hal_dma.o
LOAD ./Drivers/STM32F4xx_HAL_Driver/Src/stm32f4xx_hal_dma_ex.o
LOAD ./Drivers/STM32F4xx_HAL_Driver/Src/stm32f4xx_hal_exti.o
LOAD ./Drivers/STM32F4xx_HAL_Driver/Src/stm32f4xx_hal_flash.o
LOAD ./Drivers/STM32F4xx_HAL_Driver/Src/stm32f4xx_hal_flash_ex.o
LOAD ./Drivers/STM32F4xx_HAL_Driver/Src/stm32f4xx_hal_flash_ramfunc.o
LOAD ./Drivers/STM32F4xx_HAL_Driver/Src/stm32f4xx_hal_gpio.o
LOAD ./Drivers/STM32F4xx_HAL_Driver/Src/stm32f4xx_hal_pwr.o
LOAD ./Drivers/STM32F4xx_HAL_Driver/Src/stm32f4xx_hal_pwr_ex.o
LOAD ./Drivers/STM32F4xx_HAL_Driver/Src/stm32f4xx_hal_rcc.o
LOAD ./Drivers/STM32F4xx_HAL_Driver/Src/stm32f4xx_hal_rcc_ex.o
LOAD ./Drivers/STM32F4xx_HAL_Driver/Src/stm32f4xx_hal_tim.o
LOAD ./Drivers/STM32F4xx_HAL_Driver/Src/stm32f4xx_hal_tim_ex.o
LOAD ./Drivers/STM32F4xx_HAL_Driver/Src/stm32f4xx_hal_uart.o
LOAD ./Middlewares/Third_Party/FreeRTOS/Source/CMSIS_RTOS_V2/cmsis_os2.o
LOAD ./Middlewares/Third_Party/FreeRTOS/Source/croutine.o
LOAD ./Middlewares/Third_Party/FreeRTOS/Source/event_groups.o
LOAD ./Middlewares/Third_Party/FreeRTOS/Source/list.o
LOAD ./Middlewares/Third_Party/FreeRTOS/Source/queue.o
LOAD ./Middlewares/Third_Party/FreeRTOS/Source/stream_buffer.o
LOAD ./Middlewares/Third_Party/FreeRTOS/Source/tasks.o
LOAD ./Middlewares/Third_Party/FreeRTOS/Source/timers.o
LOAD ./Middlewares/Third_Party/FreeRTOS/Source/portable/GCC/ARM_CM4F/port.o
LOAD ./Middlewares/Third_Party/FreeRTOS/Source/portable/MemMang/heap_4.o
START GROUP
LOAD c:/program files/stm32cubeide_1.7.0/stm32cubeide/plugins/com.st.stm32cube.ide.mcu.externaltools.gnu-tools-for-stm32.10.3-2021.10.win32_1.0.100.202210260954/tools/bin/../lib/gcc/arm-none-eabi/10.3.1/../../../../arm-none-eabi/lib/thumb/v7e-m+fp/hard\libc_nano.a
LOAD c:/program files/stm32cubeide_1.7.0/stm32cubeide/plugins/com.st.stm32cube.ide.mcu.externaltools.gnu-tools-for-stm32.10.3-2021.10.win32_1.0.100.202210260954/tools/bin/../lib/gcc/arm-none-eabi/10.3.1/../../../../arm-none-eabi/lib/thumb/v7e-m+fp/hard\libm.a
END GROUP
START GROUP
LOAD c:/program files/stm32cubeide_1.7.0/stm32cubeide/plugins/com.st.stm32cube.ide.mcu.externaltools.gnu-tools-for-stm32.10.3-2021.10.win32_1.0.100.202210260954/tools/bin/../lib/gcc/arm-none-eabi/10.3.1/thumb/v7e-m+fp/hard\libgcc.a
LOAD c:/program files/stm32cubeide_1.7.0/stm32cubeide/plugins/com.st.stm32cube.ide.mcu.externaltools.gnu-tools-for-stm32.10.3-2021.10.win32_1.0.100.202210260954/tools/bin/../lib/gcc/arm-none-eabi/10.3.1/../../../../arm-none-eabi/lib/thumb/v7e-m+fp/hard\libc_nano.a
END GROUP
START GROUP
LOAD c:/program files/stm32cubeide_1.7.0/stm32cubeide/plugins/com.st.stm32cube.ide.mcu.externaltools.gnu-tools-for-stm32.10.3-2021.10.win32_1.0.100.202210260954/tools/bin/../lib/gcc/arm-none-eabi/10.3.1/thumb/v7e-m+fp/hard\libgcc.a
LOAD c:/program files/stm32cubeide_1.7.0/stm32cubeide/plugins/com.st.stm32cube.ide.mcu.externaltools.gnu-tools-for-stm32.10.3-2021.10.win32_1.0.100.202210260954/tools/bin/../lib/gcc/arm-none-eabi/10.3.1/../../../../arm-none-eabi/lib/thumb/v7e-m+fp/hard\libc_nano.a
LOAD c:/program files/stm32cubeide_1.7.0/stm32cubeide/plugins/com.st.stm32cube.ide.mcu.externaltools.gnu-tools-for-stm32.10.3-2021.10.win32_1.0.100.202210260954/tools/bin/../lib/gcc/arm-none-eabi/10.3.1/../../../../arm-none-eabi/lib/thumb/v7e-m+fp/hard\libnosys.a
END GROUP
START GROUP
LOAD c:/program files/stm32cubeide_1.7.0/stm32cubeide/plugins/com.st.stm32cube.ide.mcu.externaltools.gnu-tools-for-stm32.10.3-2021.10.win32_1.0.100.202210260954/tools/bin/../lib/gcc/arm-none-eabi/10.3.1/thumb/v7e-m+fp/hard\libgcc.a
LOAD c:/program files/stm32cubeide_1.7.0/stm32cubeide/plugins/com.st.stm32cube.ide.mcu.externaltools.gnu-tools-for-stm32.10.3-2021.10.win32_1.0.100.202210260954/tools/bin/../lib/gcc/arm-none-eabi/10.3.1/../../../../arm-none-eabi/lib/thumb/v7e-m+fp/hard\libc_nano.a
LOAD c:/program files/stm32cubeide_1.7.0/stm32cubeide/plugins/com.st.stm32cube.ide.mcu.externaltools.gnu-tools-for-stm32.10.3-2021.10.win32_1.0.100.202210260954/tools/bin/../lib/gcc/arm-none-eabi/10.3.1/../../../../arm-none-eabi/lib/thumb/v7e-m+fp/hard\libnosys.a
END GROUP
LOAD c:/program files/stm32cubeide_1.7.0/stm32cubeide/plugins/com.st.stm32cube.ide.mcu.externaltools.gnu-tools-for-stm32.10.3-2021.10.win32_1.0.100.202210260954/tools/bin/../lib/gcc/arm-none-eabi/10.3.1/thumb/v7e-m+fp/hard/crtend.o
LOAD c:/program files/stm32cubeide_1.7.0/stm32cubeide/plugins/com.st.stm32cube.ide.mcu.externaltools.gnu-tools-for-stm32.10.3-2021.10.win32_1.0.100.202210260954/tools/bin/../lib/gcc/arm-none-eabi/10.3.1/thumb/v7e-m+fp/hard/crtn.o
                0x0000000020020000                _estack = (ORIGIN (RAM) + LENGTH (RAM))
                0x0000000000000200                _Min_Heap_Size = 0x200
                0x0000000000000400                _Min_Stack_Size = 0x400

.isr_vector     0x0000000008000000      0x1c4
                0x0000000008000000                . = ALIGN (0x4)
 *(.isr_vector)
 .isr_vector    0x0000000008000000      0x1c4 ./Core/Startup/startup_stm32f446retx.o
                0x0000000008000000                g_pfnVectors
                0x00000000080001c4                . = ALIGN (0x4)

.text           0x00000000080001d0     0xae4c
                0x00000000080001d0                . = ALIGN (0x4)
 *(.text)
 .text          0x00000000080001d0       0x40 c:/program files/stm32cubeide_1.7.0/stm32cubeide/plugins/com.st.stm32cube.ide.mcu.externaltools.gnu-tools-for-stm32.10.3-2021.10.win32_1.0.100.202210260954/tools/bin/../lib/gcc/arm-none-eabi/10.3.1/thumb/v7e-m+fp/hard/crtbegin.o
 .text          0x0000000008000210       0x10 c:/program files/stm32cubeide_1.7.0/stm32cubeide/plugins/com.st.stm32cube.ide.mcu.externaltools.gnu-tools-for-stm32.10.3-2021.10.win32_1.0.100.202210260954/tools/bin/../lib/gcc/arm-none-eabi/10.3.1/../../../../arm-none-eabi/lib/thumb/v7e-m+fp/hard\libc_nano.a(lib_a-strlen.o)
                0x0000000008000210                strlen
 .text          0x0000000008000220       0xa0 c:/program files/stm32cubeide_1.7.0/stm32cubeide/plugins/com.st.stm32cube.ide.mcu.externaltools.gnu-tools-for-stm32.10.3-2021.10.win32_1.0.100.202210260954/tools/bin/../lib/gcc/arm-none-eabi/10.3.1/../../../../arm-none-eabi/lib/thumb/v7e-m+fp/hard\libc_nano.a(lib_a-memchr.o)
                0x0000000008000220                memchr
 .text          0x00000000080002c0      0x254 c:/program files/stm32cubeide_1.7.0/stm32cubeide/plugins/com.st.stm32cube.ide.mcu.externaltools.gnu-tools-for-stm32.10.3-2021.10.win32_1.0.100.202210260954/tools/bin/../lib/gcc/arm-none-eabi/10.3.1/thumb/v7e-m+fp/hard\libgcc.a(_arm_muldf3.o)
                0x00000000080002c0                __muldf3
                0x00000000080002c0                __aeabi_dmul
 .text          0x0000000008000514      0x378 c:/program files/stm32cubeide_1.7.0/stm32cubeide/plugins/com.st.stm32cube.ide.mcu.externaltools.gnu-tools-for-stm32.10.3-2021.10.win32_1.0.100.202210260954/tools/bin/../lib/gcc/arm-none-eabi/10.3.1/thumb/v7e-m+fp/hard\libgcc.a(_arm_addsubdf3.o)
                0x0000000008000514                __aeabi_drsub
                0x000000000800051c                __aeabi_dsub
                0x000000000800051c                __subdf3
                0x0000000008000520                __aeabi_dadd
                0x0000000008000520                __adddf3
                0x0000000008000798                __floatunsidf
                0x0000000008000798                __aeabi_ui2d
                0x00000000080007b8                __floatsidf
                0x00000000080007b8                __aeabi_i2d
                0x00000000080007dc                __aeabi_f2d
                0x00000000080007dc                __extendsfdf2
                0x0000000008000820                __floatundidf
                0x0000000008000820                __aeabi_ul2d
                0x0000000008000830                __floatdidf
                0x0000000008000830                __aeabi_l2d
 .text          0x000000000800088c       0x50 c:/program files/stm32cubeide_1.7.0/stm32cubeide/plugins/com.st.stm32cube.ide.mcu.externaltools.gnu-tools-for-stm32.10.3-2021.10.win32_1.0.100.202210260954/tools/bin/../lib/gcc/arm-none-eabi/10.3.1/thumb/v7e-m+fp/hard\libgcc.a(_arm_fixdfsi.o)
                0x000000000800088c                __aeabi_d2iz
                0x000000000800088c                __fixdfsi
 .text          0x00000000080008dc       0x30 c:/program files/stm32cubeide_1.7.0/stm32cubeide/plugins/com.st.stm32cube.ide.mcu.externaltools.gnu-tools-for-stm32.10.3-2021.10.win32_1.0.100.202210260954/tools/bin/../lib/gcc/arm-none-eabi/10.3.1/thumb/v7e-m+fp/hard\libgcc.a(_aeabi_uldivmod.o)
                0x00000000080008dc                __aeabi_uldivmod
 .text          0x000000000800090c      0x2d0 c:/program files/stm32cubeide_1.7.0/stm32cubeide/plugins/com.st.stm32cube.ide.mcu.externaltools.gnu-tools-for-stm32.10.3-2021.10.win32_1.0.100.202210260954/tools/bin/../lib/gcc/arm-none-eabi/10.3.1/thumb/v7e-m+fp/hard\libgcc.a(_udivmoddi4.o)
                0x000000000800090c                __udivmoddi4
 .text          0x0000000008000bdc        0x4 c:/program files/stm32cubeide_1.7.0/stm32cubeide/plugins/com.st.stm32cube.ide.mcu.externaltools.gnu-tools-for-stm32.10.3-2021.10.win32_1.0.100.202210260954/tools/bin/../lib/gcc/arm-none-eabi/10.3.1/thumb/v7e-m+fp/hard\libgcc.a(_dvmd_tls.o)
                0x0000000008000bdc                __aeabi_idiv0
                0x0000000008000bdc                __aeabi_ldiv0
 *(.text*)
 .text.MX_DMA_Init
                0x0000000008000be0       0x40 ./Core/Src/dma.o
                0x0000000008000be0                MX_DMA_Init
 .text.MX_FREERTOS_Init
                0x0000000008000c20       0x30 ./Core/Src/freertos.o
                0x0000000008000c20                MX_FREERTOS_Init
 .text.StartDefaultTask
                0x0000000008000c50       0x10 ./Core/Src/freertos.o
                0x0000000008000c50                StartDefaultTask
 .text.MX_GPIO_Init
                0x0000000008000c60       0xec ./Core/Src/gpio.o
                0x0000000008000c60                MX_GPIO_Init
 .text.main     0x0000000008000d4c       0x36 ./Core/Src/main.o
                0x0000000008000d4c                main
 *fill*         0x0000000008000d82        0x2 
 .text.SystemClock_Config
                0x0000000008000d84       0xe4 ./Core/Src/main.o
                0x0000000008000d84                SystemClock_Config
 .text.HAL_TIM_IC_CaptureCallback
                0x0000000008000e68       0xa8 ./Core/Src/main.o
                0x0000000008000e68                HAL_TIM_IC_CaptureCallback
 .text.HAL_TIM_PeriodElapsedCallback
                0x0000000008000f10       0xb4 ./Core/Src/main.o
                0x0000000008000f10                HAL_TIM_PeriodElapsedCallback
 .text.Error_Handler
                0x0000000008000fc4        0xa ./Core/Src/main.o
                0x0000000008000fc4                Error_Handler
 *fill*         0x0000000008000fce        0x2 
 .text.HAL_MspInit
                0x0000000008000fd0       0x58 ./Core/Src/stm32f4xx_hal_msp.o
                0x0000000008000fd0                HAL_MspInit
 .text.HAL_InitTick
                0x0000000008001028       0xf8 ./Core/Src/stm32f4xx_hal_timebase_tim.o
                0x0000000008001028                HAL_InitTick
 .text.NMI_Handler
                0x0000000008001120        0x6 ./Core/Src/stm32f4xx_it.o
                0x0000000008001120                NMI_Handler
 .text.HardFault_Handler
                0x0000000008001126        0x6 ./Core/Src/stm32f4xx_it.o
                0x0000000008001126                HardFault_Handler
 .text.MemManage_Handler
                0x000000000800112c        0x6 ./Core/Src/stm32f4xx_it.o
                0x000000000800112c                MemManage_Handler
 .text.BusFault_Handler
                0x0000000008001132        0x6 ./Core/Src/stm32f4xx_it.o
                0x0000000008001132                BusFault_Handler
 .text.UsageFault_Handler
                0x0000000008001138        0x6 ./Core/Src/stm32f4xx_it.o
                0x0000000008001138                UsageFault_Handler
 .text.DebugMon_Handler
                0x000000000800113e        0xe ./Core/Src/stm32f4xx_it.o
                0x000000000800113e                DebugMon_Handler
 .text.DMA1_Stream6_IRQHandler
                0x000000000800114c       0x14 ./Core/Src/stm32f4xx_it.o
                0x000000000800114c                DMA1_Stream6_IRQHandler
 .text.TIM2_IRQHandler
                0x0000000008001160       0x14 ./Core/Src/stm32f4xx_it.o
                0x0000000008001160                TIM2_IRQHandler
 .text.TIM4_IRQHandler
                0x0000000008001174       0x14 ./Core/Src/stm32f4xx_it.o
                0x0000000008001174                TIM4_IRQHandler
 .text.USART2_IRQHandler
                0x0000000008001188       0x14 ./Core/Src/stm32f4xx_it.o
                0x0000000008001188                USART2_IRQHandler
 .text.TIM7_IRQHandler
                0x000000000800119c       0x14 ./Core/Src/stm32f4xx_it.o
                0x000000000800119c                TIM7_IRQHandler
 .text._sbrk    0x00000000080011b0       0x6c ./Core/Src/sysmem.o
                0x00000000080011b0                _sbrk
 .text.SystemInit
                0x000000000800121c       0x24 ./Core/Src/system_stm32f4xx.o
                0x000000000800121c                SystemInit
 .text.MX_TIM1_Init
                0x0000000008001240      0x140 ./Core/Src/tim.o
                0x0000000008001240                MX_TIM1_Init
 .text.MX_TIM2_Init
                0x0000000008001380       0xac ./Core/Src/tim.o
                0x0000000008001380                MX_TIM2_Init
 .text.MX_TIM4_Init
                0x000000000800142c       0xe0 ./Core/Src/tim.o
                0x000000000800142c                MX_TIM4_Init
 .text.MX_TIM5_Init
                0x000000000800150c       0xf0 ./Core/Src/tim.o
                0x000000000800150c                MX_TIM5_Init
 .text.HAL_TIM_Base_MspInit
                0x00000000080015fc      0x130 ./Core/Src/tim.o
                0x00000000080015fc                HAL_TIM_Base_MspInit
 .text.HAL_TIM_MspPostInit
                0x000000000800172c       0xc0 ./Core/Src/tim.o
                0x000000000800172c                HAL_TIM_MspPostInit
 .text.MX_USART2_UART_Init
                0x00000000080017ec       0x54 ./Core/Src/usart.o
                0x00000000080017ec                MX_USART2_UART_Init
 .text.HAL_UART_MspInit
                0x0000000008001840      0x104 ./Core/Src/usart.o
                0x0000000008001840                HAL_UART_MspInit
 .text.Reset_Handler
                0x0000000008001944       0x50 ./Core/Startup/startup_stm32f446retx.o
                0x0000000008001944                Reset_Handler
 .text.Default_Handler
                0x0000000008001994        0x2 ./Core/Startup/startup_stm32f446retx.o
                0x0000000008001994                RTC_Alarm_IRQHandler
                0x0000000008001994                EXTI2_IRQHandler
                0x0000000008001994                TIM8_CC_IRQHandler
                0x0000000008001994                FMPI2C1_EV_IRQHandler
                0x0000000008001994                SPI4_IRQHandler
                0x0000000008001994                TIM1_CC_IRQHandler
                0x0000000008001994                DMA2_Stream5_IRQHandler
                0x0000000008001994                DMA1_Stream5_IRQHandler
                0x0000000008001994                PVD_IRQHandler
                0x0000000008001994                SDIO_IRQHandler
                0x0000000008001994                TAMP_STAMP_IRQHandler
                0x0000000008001994                CAN2_RX1_IRQHandler
                0x0000000008001994                EXTI3_IRQHandler
                0x0000000008001994                TIM8_TRG_COM_TIM14_IRQHandler
                0x0000000008001994                TIM1_UP_TIM10_IRQHandler
                0x0000000008001994                TIM8_UP_TIM13_IRQHandler
                0x0000000008001994                I2C3_ER_IRQHandler
                0x0000000008001994                EXTI0_IRQHandler
                0x0000000008001994                I2C2_EV_IRQHandler
                0x0000000008001994                DMA1_Stream2_IRQHandler
                0x0000000008001994                CAN1_RX0_IRQHandler
                0x0000000008001994                FPU_IRQHandler
                0x0000000008001994                OTG_HS_WKUP_IRQHandler
                0x0000000008001994                CAN2_SCE_IRQHandler
                0x0000000008001994                DMA2_Stream2_IRQHandler
                0x0000000008001994                SPI1_IRQHandler
                0x0000000008001994                TIM6_DAC_IRQHandler
                0x0000000008001994                TIM1_BRK_TIM9_IRQHandler
                0x0000000008001994                DCMI_IRQHandler
                0x0000000008001994                CAN2_RX0_IRQHandler
                0x0000000008001994                DMA2_Stream3_IRQHandler
                0x0000000008001994                SAI2_IRQHandler
                0x0000000008001994                USART6_IRQHandler
                0x0000000008001994                USART3_IRQHandler
                0x0000000008001994                CAN1_RX1_IRQHandler
                0x0000000008001994                UART5_IRQHandler
                0x0000000008001994                DMA2_Stream0_IRQHandler
                0x0000000008001994                QUADSPI_IRQHandler
                0x0000000008001994                I2C1_EV_IRQHandler
                0x0000000008001994                DMA1_Stream1_IRQHandler
                0x0000000008001994                UART4_IRQHandler
                0x0000000008001994                TIM3_IRQHandler
                0x0000000008001994                RCC_IRQHandler
                0x0000000008001994                TIM8_BRK_TIM12_IRQHandler
                0x0000000008001994                Default_Handler
                0x0000000008001994                CEC_IRQHandler
                0x0000000008001994                EXTI15_10_IRQHandler
                0x0000000008001994                ADC_IRQHandler
                0x0000000008001994                DMA1_Stream7_IRQHandler
                0x0000000008001994                CAN2_TX_IRQHandler
                0x0000000008001994                TIM5_IRQHandler
                0x0000000008001994                DMA2_Stream7_IRQHandler
                0x0000000008001994                I2C3_EV_IRQHandler
                0x0000000008001994                EXTI9_5_IRQHandler
                0x0000000008001994                RTC_WKUP_IRQHandler
                0x0000000008001994                SPDIF_RX_IRQHandler
                0x0000000008001994                SPI2_IRQHandler
                0x0000000008001994                OTG_HS_EP1_IN_IRQHandler
                0x0000000008001994                DMA1_Stream0_IRQHandler
                0x0000000008001994                CAN1_TX_IRQHandler
                0x0000000008001994                FMPI2C1_ER_IRQHandler
                0x0000000008001994                EXTI4_IRQHandler
                0x0000000008001994                OTG_HS_EP1_OUT_IRQHandler
                0x0000000008001994                WWDG_IRQHandler
                0x0000000008001994                OTG_FS_WKUP_IRQHandler
                0x0000000008001994                TIM1_TRG_COM_TIM11_IRQHandler
                0x0000000008001994                OTG_HS_IRQHandler
                0x0000000008001994                EXTI1_IRQHandler
                0x0000000008001994                I2C2_ER_IRQHandler
                0x0000000008001994                DMA2_Stream1_IRQHandler
                0x0000000008001994                CAN1_SCE_IRQHandler
                0x0000000008001994                FLASH_IRQHandler
                0x0000000008001994                DMA2_Stream4_IRQHandler
                0x0000000008001994                USART1_IRQHandler
                0x0000000008001994                OTG_FS_IRQHandler
                0x0000000008001994                SPI3_IRQHandler
                0x0000000008001994                DMA1_Stream4_IRQHandler
                0x0000000008001994                I2C1_ER_IRQHandler
                0x0000000008001994                FMC_IRQHandler
                0x0000000008001994                DMA2_Stream6_IRQHandler
                0x0000000008001994                SAI1_IRQHandler
                0x0000000008001994                DMA1_Stream3_IRQHandler
 *fill*         0x0000000008001996        0x2 
 .text.Start_BuzzerTask
                0x0000000008001998      0x17c ./Core/application/BuzzerTask.o
                0x0000000008001998                Start_BuzzerTask
 .text.buzzer_init
                0x0000000008001b14       0x28 ./Core/application/BuzzerTask.o
                0x0000000008001b14                buzzer_init
 .text.StarttimerTask
                0x0000000008001b3c       0x84 ./Core/application/DefTask.o
                0x0000000008001b3c                StarttimerTask
 .text.deftask_init
                0x0000000008001bc0       0x24 ./Core/application/DefTask.o
                0x0000000008001bc0                deftask_init
 .text.PrintServerPrintf
                0x0000000008001be4       0x6c ./Core/application/print_server.o
                0x0000000008001be4                PrintServerPrintf
 .text.HAL_UART_TxCpltCallback
                0x0000000008001c50       0x30 ./Core/application/print_server.o
                0x0000000008001c50                HAL_UART_TxCpltCallback
 .text.PrintServer
                0x0000000008001c80       0x78 ./Core/application/print_server.o
                0x0000000008001c80                PrintServer
 .text.PrintServerPrintfInit
                0x0000000008001cf8       0x5c ./Core/application/print_server.o
                0x0000000008001cf8                PrintServerPrintfInit
 .text.HAL_Init
                0x0000000008001d54       0x44 ./Drivers/STM32F4xx_HAL_Driver/Src/stm32f4xx_hal.o
                0x0000000008001d54                HAL_Init
 .text.HAL_IncTick
                0x0000000008001d98       0x28 ./Drivers/STM32F4xx_HAL_Driver/Src/stm32f4xx_hal.o
                0x0000000008001d98                HAL_IncTick
 .text.HAL_GetTick
                0x0000000008001dc0       0x18 ./Drivers/STM32F4xx_HAL_Driver/Src/stm32f4xx_hal.o
                0x0000000008001dc0                HAL_GetTick
 .text.__NVIC_SetPriorityGrouping
                0x0000000008001dd8       0x48 ./Drivers/STM32F4xx_HAL_Driver/Src/stm32f4xx_hal_cortex.o
 .text.__NVIC_GetPriorityGrouping
                0x0000000008001e20       0x1c ./Drivers/STM32F4xx_HAL_Driver/Src/stm32f4xx_hal_cortex.o
 .text.__NVIC_EnableIRQ
                0x0000000008001e3c       0x3c ./Drivers/STM32F4xx_HAL_Driver/Src/stm32f4xx_hal_cortex.o
 .text.__NVIC_SetPriority
                0x0000000008001e78       0x54 ./Drivers/STM32F4xx_HAL_Driver/Src/stm32f4xx_hal_cortex.o
 .text.NVIC_EncodePriority
                0x0000000008001ecc       0x66 ./Drivers/STM32F4xx_HAL_Driver/Src/stm32f4xx_hal_cortex.o
 .text.HAL_NVIC_SetPriorityGrouping
                0x0000000008001f32       0x16 ./Drivers/STM32F4xx_HAL_Driver/Src/stm32f4xx_hal_cortex.o
                0x0000000008001f32                HAL_NVIC_SetPriorityGrouping
 .text.HAL_NVIC_SetPriority
                0x0000000008001f48       0x38 ./Drivers/STM32F4xx_HAL_Driver/Src/stm32f4xx_hal_cortex.o
                0x0000000008001f48                HAL_NVIC_SetPriority
 .text.HAL_NVIC_EnableIRQ
                0x0000000008001f80       0x1c ./Drivers/STM32F4xx_HAL_Driver/Src/stm32f4xx_hal_cortex.o
                0x0000000008001f80                HAL_NVIC_EnableIRQ
 .text.HAL_DMA_Init
                0x0000000008001f9c      0x15c ./Drivers/STM32F4xx_HAL_Driver/Src/stm32f4xx_hal_dma.o
                0x0000000008001f9c                HAL_DMA_Init
 .text.HAL_DMA_Start_IT
                0x00000000080020f8       0xb0 ./Drivers/STM32F4xx_HAL_Driver/Src/stm32f4xx_hal_dma.o
                0x00000000080020f8                HAL_DMA_Start_IT
 .text.HAL_DMA_Abort
                0x00000000080021a8       0xe0 ./Drivers/STM32F4xx_HAL_Driver/Src/stm32f4xx_hal_dma.o
                0x00000000080021a8                HAL_DMA_Abort
 .text.HAL_DMA_Abort_IT
                0x0000000008002288       0x44 ./Drivers/STM32F4xx_HAL_Driver/Src/stm32f4xx_hal_dma.o
                0x0000000008002288                HAL_DMA_Abort_IT
 .text.HAL_DMA_IRQHandler
                0x00000000080022cc      0x314 ./Drivers/STM32F4xx_HAL_Driver/Src/stm32f4xx_hal_dma.o
                0x00000000080022cc                HAL_DMA_IRQHandler
 .text.DMA_SetConfig
                0x00000000080025e0       0x5c ./Drivers/STM32F4xx_HAL_Driver/Src/stm32f4xx_hal_dma.o
 .text.DMA_CalcBaseAndBitshift
                0x000000000800263c       0x6c ./Drivers/STM32F4xx_HAL_Driver/Src/stm32f4xx_hal_dma.o
 .text.DMA_CheckFifoParam
                0x00000000080026a8       0xf8 ./Drivers/STM32F4xx_HAL_Driver/Src/stm32f4xx_hal_dma.o
 .text.HAL_GPIO_Init
                0x00000000080027a0      0x328 ./Drivers/STM32F4xx_HAL_Driver/Src/stm32f4xx_hal_gpio.o
                0x00000000080027a0                HAL_GPIO_Init
 .text.HAL_GPIO_WritePin
                0x0000000008002ac8       0x32 ./Drivers/STM32F4xx_HAL_Driver/Src/stm32f4xx_hal_gpio.o
                0x0000000008002ac8                HAL_GPIO_WritePin
 .text.HAL_GPIO_TogglePin
                0x0000000008002afa       0x34 ./Drivers/STM32F4xx_HAL_Driver/Src/stm32f4xx_hal_gpio.o
                0x0000000008002afa                HAL_GPIO_TogglePin
 *fill*         0x0000000008002b2e        0x2 
 .text.HAL_PWREx_EnableOverDrive
                0x0000000008002b30       0xa0 ./Drivers/STM32F4xx_HAL_Driver/Src/stm32f4xx_hal_pwr_ex.o
                0x0000000008002b30                HAL_PWREx_EnableOverDrive
 .text.HAL_RCC_ClockConfig
                0x0000000008002bd0      0x1cc ./Drivers/STM32F4xx_HAL_Driver/Src/stm32f4xx_hal_rcc.o
                0x0000000008002bd0                HAL_RCC_ClockConfig
 .text.HAL_RCC_GetHCLKFreq
                0x0000000008002d9c       0x18 ./Drivers/STM32F4xx_HAL_Driver/Src/stm32f4xx_hal_rcc.o
                0x0000000008002d9c                HAL_RCC_GetHCLKFreq
 .text.HAL_RCC_GetPCLK1Freq
                0x0000000008002db4       0x28 ./Drivers/STM32F4xx_HAL_Driver/Src/stm32f4xx_hal_rcc.o
                0x0000000008002db4                HAL_RCC_GetPCLK1Freq
 .text.HAL_RCC_GetPCLK2Freq
                0x0000000008002ddc       0x28 ./Drivers/STM32F4xx_HAL_Driver/Src/stm32f4xx_hal_rcc.o
                0x0000000008002ddc                HAL_RCC_GetPCLK2Freq
 .text.HAL_RCC_GetClockConfig
                0x0000000008002e04       0x64 ./Drivers/STM32F4xx_HAL_Driver/Src/stm32f4xx_hal_rcc.o
                0x0000000008002e04                HAL_RCC_GetClockConfig
 .text.HAL_RCC_GetSysClockFreq
                0x0000000008002e68      0x460 ./Drivers/STM32F4xx_HAL_Driver/Src/stm32f4xx_hal_rcc_ex.o
                0x0000000008002e68                HAL_RCC_GetSysClockFreq
 .text.HAL_RCC_OscConfig
                0x00000000080032c8      0x53c ./Drivers/STM32F4xx_HAL_Driver/Src/stm32f4xx_hal_rcc_ex.o
                0x00000000080032c8                HAL_RCC_OscConfig
 .text.HAL_TIM_Base_Init
                0x0000000008003804       0x9e ./Drivers/STM32F4xx_HAL_Driver/Src/stm32f4xx_hal_tim.o
                0x0000000008003804                HAL_TIM_Base_Init
 *fill*         0x00000000080038a2        0x2 
 .text.HAL_TIM_Base_Start_IT
                0x00000000080038a4       0xe0 ./Drivers/STM32F4xx_HAL_Driver/Src/stm32f4xx_hal_tim.o
                0x00000000080038a4                HAL_TIM_Base_Start_IT
 .text.HAL_TIM_PWM_Init
                0x0000000008003984       0x9e ./Drivers/STM32F4xx_HAL_Driver/Src/stm32f4xx_hal_tim.o
                0x0000000008003984                HAL_TIM_PWM_Init
 .text.HAL_TIM_PWM_MspInit
                0x0000000008003a22       0x14 ./Drivers/STM32F4xx_HAL_Driver/Src/stm32f4xx_hal_tim.o
                0x0000000008003a22                HAL_TIM_PWM_MspInit
 *fill*         0x0000000008003a36        0x2 
 .text.HAL_TIM_PWM_Start
                0x0000000008003a38      0x190 ./Drivers/STM32F4xx_HAL_Driver/Src/stm32f4xx_hal_tim.o
                0x0000000008003a38                HAL_TIM_PWM_Start
 .text.HAL_TIM_PWM_Stop
                0x0000000008003bc8       0xe0 ./Drivers/STM32F4xx_HAL_Driver/Src/stm32f4xx_hal_tim.o
                0x0000000008003bc8                HAL_TIM_PWM_Stop
 .text.HAL_TIM_IC_Init
                0x0000000008003ca8       0x9e ./Drivers/STM32F4xx_HAL_Driver/Src/stm32f4xx_hal_tim.o
                0x0000000008003ca8                HAL_TIM_IC_Init
 .text.HAL_TIM_IC_MspInit
                0x0000000008003d46       0x14 ./Drivers/STM32F4xx_HAL_Driver/Src/stm32f4xx_hal_tim.o
                0x0000000008003d46                HAL_TIM_IC_MspInit
 *fill*         0x0000000008003d5a        0x2 
 .text.HAL_TIM_IC_Start_IT
                0x0000000008003d5c      0x250 ./Drivers/STM32F4xx_HAL_Driver/Src/stm32f4xx_hal_tim.o
                0x0000000008003d5c                HAL_TIM_IC_Start_IT
 .text.HAL_TIM_OnePulse_Init
                0x0000000008003fac       0xa0 ./Drivers/STM32F4xx_HAL_Driver/Src/stm32f4xx_hal_tim.o
                0x0000000008003fac                HAL_TIM_OnePulse_Init
 .text.HAL_TIM_OnePulse_MspInit
                0x000000000800404c       0x14 ./Drivers/STM32F4xx_HAL_Driver/Src/stm32f4xx_hal_tim.o
                0x000000000800404c                HAL_TIM_OnePulse_MspInit
 .text.HAL_TIM_IRQHandler
                0x0000000008004060      0x210 ./Drivers/STM32F4xx_HAL_Driver/Src/stm32f4xx_hal_tim.o
                0x0000000008004060                HAL_TIM_IRQHandler
 .text.HAL_TIM_IC_ConfigChannel
                0x0000000008004270      0x138 ./Drivers/STM32F4xx_HAL_Driver/Src/stm32f4xx_hal_tim.o
                0x0000000008004270                HAL_TIM_IC_ConfigChannel
 .text.HAL_TIM_PWM_ConfigChannel
                0x00000000080043a8      0x184 ./Drivers/STM32F4xx_HAL_Driver/Src/stm32f4xx_hal_tim.o
                0x00000000080043a8                HAL_TIM_PWM_ConfigChannel
 .text.HAL_TIM_ConfigClockSource
                0x000000000800452c      0x18e ./Drivers/STM32F4xx_HAL_Driver/Src/stm32f4xx_hal_tim.o
                0x000000000800452c                HAL_TIM_ConfigClockSource
 .text.HAL_TIM_OC_DelayElapsedCallback
                0x00000000080046ba       0x14 ./Drivers/STM32F4xx_HAL_Driver/Src/stm32f4xx_hal_tim.o
                0x00000000080046ba                HAL_TIM_OC_DelayElapsedCallback
 .text.HAL_TIM_PWM_PulseFinishedCallback
                0x00000000080046ce       0x14 ./Drivers/STM32F4xx_HAL_Driver/Src/stm32f4xx_hal_tim.o
                0x00000000080046ce                HAL_TIM_PWM_PulseFinishedCallback
 .text.HAL_TIM_TriggerCallback
                0x00000000080046e2       0x14 ./Drivers/STM32F4xx_HAL_Driver/Src/stm32f4xx_hal_tim.o
                0x00000000080046e2                HAL_TIM_TriggerCallback
 *fill*         0x00000000080046f6        0x2 
 .text.TIM_Base_SetConfig
                0x00000000080046f8      0x140 ./Drivers/STM32F4xx_HAL_Driver/Src/stm32f4xx_hal_tim.o
                0x00000000080046f8                TIM_Base_SetConfig
 .text.TIM_OC1_SetConfig
                0x0000000008004838       0xe0 ./Drivers/STM32F4xx_HAL_Driver/Src/stm32f4xx_hal_tim.o
 .text.TIM_OC2_SetConfig
                0x0000000008004918       0xec ./Drivers/STM32F4xx_HAL_Driver/Src/stm32f4xx_hal_tim.o
                0x0000000008004918                TIM_OC2_SetConfig
 .text.TIM_OC3_SetConfig
                0x0000000008004a04       0xe8 ./Drivers/STM32F4xx_HAL_Driver/Src/stm32f4xx_hal_tim.o
 .text.TIM_OC4_SetConfig
                0x0000000008004aec       0xac ./Drivers/STM32F4xx_HAL_Driver/Src/stm32f4xx_hal_tim.o
 .text.TIM_TI1_SetConfig
                0x0000000008004b98       0xe8 ./Drivers/STM32F4xx_HAL_Driver/Src/stm32f4xx_hal_tim.o
                0x0000000008004b98                TIM_TI1_SetConfig
 .text.TIM_TI1_ConfigInputStage
                0x0000000008004c80       0x5e ./Drivers/STM32F4xx_HAL_Driver/Src/stm32f4xx_hal_tim.o
 .text.TIM_TI2_SetConfig
                0x0000000008004cde       0x7a ./Drivers/STM32F4xx_HAL_Driver/Src/stm32f4xx_hal_tim.o
 .text.TIM_TI2_ConfigInputStage
                0x0000000008004d58       0x60 ./Drivers/STM32F4xx_HAL_Driver/Src/stm32f4xx_hal_tim.o
 .text.TIM_TI3_SetConfig
                0x0000000008004db8       0x78 ./Drivers/STM32F4xx_HAL_Driver/Src/stm32f4xx_hal_tim.o
 .text.TIM_TI4_SetConfig
                0x0000000008004e30       0x7a ./Drivers/STM32F4xx_HAL_Driver/Src/stm32f4xx_hal_tim.o
 .text.TIM_ITRx_SetConfig
                0x0000000008004eaa       0x36 ./Drivers/STM32F4xx_HAL_Driver/Src/stm32f4xx_hal_tim.o
 .text.TIM_ETR_SetConfig
                0x0000000008004ee0       0x40 ./Drivers/STM32F4xx_HAL_Driver/Src/stm32f4xx_hal_tim.o
                0x0000000008004ee0                TIM_ETR_SetConfig
 .text.TIM_CCxChannelCmd
                0x0000000008004f20       0x4a ./Drivers/STM32F4xx_HAL_Driver/Src/stm32f4xx_hal_tim.o
                0x0000000008004f20                TIM_CCxChannelCmd
 *fill*         0x0000000008004f6a        0x2 
 .text.HAL_TIMEx_PWMN_Start
                0x0000000008004f6c      0x174 ./Drivers/STM32F4xx_HAL_Driver/Src/stm32f4xx_hal_tim_ex.o
                0x0000000008004f6c                HAL_TIMEx_PWMN_Start
 .text.HAL_TIMEx_PWMN_Stop
                0x00000000080050e0       0xba ./Drivers/STM32F4xx_HAL_Driver/Src/stm32f4xx_hal_tim_ex.o
                0x00000000080050e0                HAL_TIMEx_PWMN_Stop
 *fill*         0x000000000800519a        0x2 
 .text.HAL_TIMEx_MasterConfigSynchronization
                0x000000000800519c       0xf8 ./Drivers/STM32F4xx_HAL_Driver/Src/stm32f4xx_hal_tim_ex.o
                0x000000000800519c                HAL_TIMEx_MasterConfigSynchronization
 .text.HAL_TIMEx_ConfigBreakDeadTime
                0x0000000008005294       0xa4 ./Drivers/STM32F4xx_HAL_Driver/Src/stm32f4xx_hal_tim_ex.o
                0x0000000008005294                HAL_TIMEx_ConfigBreakDeadTime
 .text.HAL_TIMEx_CommutCallback
                0x0000000008005338       0x14 ./Drivers/STM32F4xx_HAL_Driver/Src/stm32f4xx_hal_tim_ex.o
                0x0000000008005338                HAL_TIMEx_CommutCallback
 .text.HAL_TIMEx_BreakCallback
                0x000000000800534c       0x14 ./Drivers/STM32F4xx_HAL_Driver/Src/stm32f4xx_hal_tim_ex.o
                0x000000000800534c                HAL_TIMEx_BreakCallback
 .text.TIM_CCxNChannelCmd
                0x0000000008005360       0x4a ./Drivers/STM32F4xx_HAL_Driver/Src/stm32f4xx_hal_tim_ex.o
 .text.HAL_UART_Init
                0x00000000080053aa       0x9a ./Drivers/STM32F4xx_HAL_Driver/Src/stm32f4xx_hal_uart.o
                0x00000000080053aa                HAL_UART_Init
 .text.HAL_UART_Transmit_DMA
                0x0000000008005444       0xfc ./Drivers/STM32F4xx_HAL_Driver/Src/stm32f4xx_hal_uart.o
                0x0000000008005444                HAL_UART_Transmit_DMA
 .text.HAL_UART_IRQHandler
                0x0000000008005540      0x51c ./Drivers/STM32F4xx_HAL_Driver/Src/stm32f4xx_hal_uart.o
                0x0000000008005540                HAL_UART_IRQHandler
 .text.HAL_UART_TxHalfCpltCallback
                0x0000000008005a5c       0x14 ./Drivers/STM32F4xx_HAL_Driver/Src/stm32f4xx_hal_uart.o
                0x0000000008005a5c                HAL_UART_TxHalfCpltCallback
 .text.HAL_UART_RxCpltCallback
                0x0000000008005a70       0x14 ./Drivers/STM32F4xx_HAL_Driver/Src/stm32f4xx_hal_uart.o
                0x0000000008005a70                HAL_UART_RxCpltCallback
 .text.HAL_UART_ErrorCallback
                0x0000000008005a84       0x14 ./Drivers/STM32F4xx_HAL_Driver/Src/stm32f4xx_hal_uart.o
                0x0000000008005a84                HAL_UART_ErrorCallback
 .text.HAL_UARTEx_RxEventCallback
                0x0000000008005a98       0x18 ./Drivers/STM32F4xx_HAL_Driver/Src/stm32f4xx_hal_uart.o
                0x0000000008005a98                HAL_UARTEx_RxEventCallback
 .text.UART_DMATransmitCplt
                0x0000000008005ab0       0x9a ./Drivers/STM32F4xx_HAL_Driver/Src/stm32f4xx_hal_uart.o
 .text.UART_DMATxHalfCplt
                0x0000000008005b4a       0x1c ./Drivers/STM32F4xx_HAL_Driver/Src/stm32f4xx_hal_uart.o
 .text.UART_DMAError
                0x0000000008005b66       0x94 ./Drivers/STM32F4xx_HAL_Driver/Src/stm32f4xx_hal_uart.o
 .text.UART_EndTxTransfer
                0x0000000008005bfa       0x50 ./Drivers/STM32F4xx_HAL_Driver/Src/stm32f4xx_hal_uart.o
 .text.UART_EndRxTransfer
                0x0000000008005c4a       0xc6 ./Drivers/STM32F4xx_HAL_Driver/Src/stm32f4xx_hal_uart.o
 .text.UART_DMAAbortOnError
                0x0000000008005d10       0x28 ./Drivers/STM32F4xx_HAL_Driver/Src/stm32f4xx_hal_uart.o
 .text.UART_Transmit_IT
                0x0000000008005d38       0xa0 ./Drivers/STM32F4xx_HAL_Driver/Src/stm32f4xx_hal_uart.o
 .text.UART_EndTransmit_IT
                0x0000000008005dd8       0x30 ./Drivers/STM32F4xx_HAL_Driver/Src/stm32f4xx_hal_uart.o
 .text.UART_Receive_IT
                0x0000000008005e08      0x176 ./Drivers/STM32F4xx_HAL_Driver/Src/stm32f4xx_hal_uart.o
 *fill*         0x0000000008005f7e        0x2 
 .text.UART_SetConfig
                0x0000000008005f80      0x4e8 ./Drivers/STM32F4xx_HAL_Driver/Src/stm32f4xx_hal_uart.o
 .text.__NVIC_SetPriority
                0x0000000008006468       0x54 ./Middlewares/Third_Party/FreeRTOS/Source/CMSIS_RTOS_V2/cmsis_os2.o
 .text.SysTick_Handler
                0x00000000080064bc       0x20 ./Middlewares/Third_Party/FreeRTOS/Source/CMSIS_RTOS_V2/cmsis_os2.o
                0x00000000080064bc                SysTick_Handler
 .text.SVC_Setup
                0x00000000080064dc       0x12 ./Middlewares/Third_Party/FreeRTOS/Source/CMSIS_RTOS_V2/cmsis_os2.o
 *fill*         0x00000000080064ee        0x2 
 .text.osKernelInitialize
                0x00000000080064f0       0x48 ./Middlewares/Third_Party/FreeRTOS/Source/CMSIS_RTOS_V2/cmsis_os2.o
                0x00000000080064f0                osKernelInitialize
 .text.osKernelStart
                0x0000000008006538       0x4c ./Middlewares/Third_Party/FreeRTOS/Source/CMSIS_RTOS_V2/cmsis_os2.o
                0x0000000008006538                osKernelStart
 .text.osThreadNew
                0x0000000008006584      0x126 ./Middlewares/Third_Party/FreeRTOS/Source/CMSIS_RTOS_V2/cmsis_os2.o
                0x0000000008006584                osThreadNew
 .text.osDelay  0x00000000080066aa       0x36 ./Middlewares/Third_Party/FreeRTOS/Source/CMSIS_RTOS_V2/cmsis_os2.o
                0x00000000080066aa                osDelay
 .text.osEventFlagsNew
                0x00000000080066e0       0x7e ./Middlewares/Third_Party/FreeRTOS/Source/CMSIS_RTOS_V2/cmsis_os2.o
                0x00000000080066e0                osEventFlagsNew
 *fill*         0x000000000800675e        0x2 
 .text.osEventFlagsSet
                0x0000000008006760       0x88 ./Middlewares/Third_Party/FreeRTOS/Source/CMSIS_RTOS_V2/cmsis_os2.o
                0x0000000008006760                osEventFlagsSet
 .text.osEventFlagsWait
                0x00000000080067e8       0xcc ./Middlewares/Third_Party/FreeRTOS/Source/CMSIS_RTOS_V2/cmsis_os2.o
                0x00000000080067e8                osEventFlagsWait
 .text.osMessageQueueNew
                0x00000000080068b4       0xe6 ./Middlewares/Third_Party/FreeRTOS/Source/CMSIS_RTOS_V2/cmsis_os2.o
                0x00000000080068b4                osMessageQueueNew
 *fill*         0x000000000800699a        0x2 
 .text.osMessageQueuePut
                0x000000000800699c       0xc0 ./Middlewares/Third_Party/FreeRTOS/Source/CMSIS_RTOS_V2/cmsis_os2.o
                0x000000000800699c                osMessageQueuePut
 .text.osMessageQueueGet
                0x0000000008006a5c       0xbc ./Middlewares/Third_Party/FreeRTOS/Source/CMSIS_RTOS_V2/cmsis_os2.o
                0x0000000008006a5c                osMessageQueueGet
 .text.osMemoryPoolNew
                0x0000000008006b18      0x1ac ./Middlewares/Third_Party/FreeRTOS/Source/CMSIS_RTOS_V2/cmsis_os2.o
                0x0000000008006b18                osMemoryPoolNew
 .text.osMemoryPoolAlloc
                0x0000000008006cc4       0xec ./Middlewares/Third_Party/FreeRTOS/Source/CMSIS_RTOS_V2/cmsis_os2.o
                0x0000000008006cc4                osMemoryPoolAlloc
 .text.osMemoryPoolFree
                0x0000000008006db0      0x130 ./Middlewares/Third_Party/FreeRTOS/Source/CMSIS_RTOS_V2/cmsis_os2.o
                0x0000000008006db0                osMemoryPoolFree
 .text.CreateBlock
                0x0000000008006ee0       0x44 ./Middlewares/Third_Party/FreeRTOS/Source/CMSIS_RTOS_V2/cmsis_os2.o
 .text.AllocBlock
                0x0000000008006f24       0x30 ./Middlewares/Third_Party/FreeRTOS/Source/CMSIS_RTOS_V2/cmsis_os2.o
 .text.FreeBlock
                0x0000000008006f54       0x28 ./Middlewares/Third_Party/FreeRTOS/Source/CMSIS_RTOS_V2/cmsis_os2.o
 .text.vApplicationGetIdleTaskMemory
                0x0000000008006f7c       0x34 ./Middlewares/Third_Party/FreeRTOS/Source/CMSIS_RTOS_V2/cmsis_os2.o
                0x0000000008006f7c                vApplicationGetIdleTaskMemory
 .text.vApplicationGetTimerTaskMemory
                0x0000000008006fb0       0x34 ./Middlewares/Third_Party/FreeRTOS/Source/CMSIS_RTOS_V2/cmsis_os2.o
                0x0000000008006fb0                vApplicationGetTimerTaskMemory
 .text.xEventGroupCreateStatic
                0x0000000008006fe4       0x6e ./Middlewares/Third_Party/FreeRTOS/Source/event_groups.o
                0x0000000008006fe4                xEventGroupCreateStatic
 .text.xEventGroupCreate
                0x0000000008007052       0x34 ./Middlewares/Third_Party/FreeRTOS/Source/event_groups.o
                0x0000000008007052                xEventGroupCreate
 *fill*         0x0000000008007086        0x2 
 .text.xEventGroupWaitBits
                0x0000000008007088      0x19c ./Middlewares/Third_Party/FreeRTOS/Source/event_groups.o
                0x0000000008007088                xEventGroupWaitBits
 .text.xEventGroupSetBits
                0x0000000008007224      0x116 ./Middlewares/Third_Party/FreeRTOS/Source/event_groups.o
                0x0000000008007224                xEventGroupSetBits
 .text.vEventGroupSetBitsCallback
                0x000000000800733a       0x1a ./Middlewares/Third_Party/FreeRTOS/Source/event_groups.o
                0x000000000800733a                vEventGroupSetBitsCallback
 .text.prvTestWaitCondition
                0x0000000008007354       0x44 ./Middlewares/Third_Party/FreeRTOS/Source/event_groups.o
 .text.xEventGroupSetBitsFromISR
                0x0000000008007398       0x28 ./Middlewares/Third_Party/FreeRTOS/Source/event_groups.o
                0x0000000008007398                xEventGroupSetBitsFromISR
 .text.vListInitialise
                0x00000000080073c0       0x40 ./Middlewares/Third_Party/FreeRTOS/Source/list.o
                0x00000000080073c0                vListInitialise
 .text.vListInitialiseItem
                0x0000000008007400       0x1a ./Middlewares/Third_Party/FreeRTOS/Source/list.o
                0x0000000008007400                vListInitialiseItem
 .text.vListInsertEnd
                0x000000000800741a       0x48 ./Middlewares/Third_Party/FreeRTOS/Source/list.o
                0x000000000800741a                vListInsertEnd
 .text.vListInsert
                0x0000000008007462       0x72 ./Middlewares/Third_Party/FreeRTOS/Source/list.o
                0x0000000008007462                vListInsert
 .text.uxListRemove
                0x00000000080074d4       0x54 ./Middlewares/Third_Party/FreeRTOS/Source/list.o
                0x00000000080074d4                uxListRemove
 .text.xQueueGenericReset
                0x0000000008007528       0xd0 ./Middlewares/Third_Party/FreeRTOS/Source/queue.o
                0x0000000008007528                xQueueGenericReset
 .text.xQueueGenericCreateStatic
                0x00000000080075f8       0xf0 ./Middlewares/Third_Party/FreeRTOS/Source/queue.o
                0x00000000080075f8                xQueueGenericCreateStatic
 .text.xQueueGenericCreate
                0x00000000080076e8       0x74 ./Middlewares/Third_Party/FreeRTOS/Source/queue.o
                0x00000000080076e8                xQueueGenericCreate
 .text.prvInitialiseNewQueue
                0x000000000800775c       0x46 ./Middlewares/Third_Party/FreeRTOS/Source/queue.o
 .text.xQueueCreateCountingSemaphoreStatic
                0x00000000080077a2       0x6e ./Middlewares/Third_Party/FreeRTOS/Source/queue.o
                0x00000000080077a2                xQueueCreateCountingSemaphoreStatic
 .text.xQueueGenericSend
                0x0000000008007810      0x1fc ./Middlewares/Third_Party/FreeRTOS/Source/queue.o
                0x0000000008007810                xQueueGenericSend
 .text.xQueueGenericSendFromISR
                0x0000000008007a0c      0x136 ./Middlewares/Third_Party/FreeRTOS/Source/queue.o
                0x0000000008007a0c                xQueueGenericSendFromISR
 .text.xQueueGiveFromISR
                0x0000000008007b42      0x11a ./Middlewares/Third_Party/FreeRTOS/Source/queue.o
                0x0000000008007b42                xQueueGiveFromISR
 .text.xQueueReceive
                0x0000000008007c5c      0x1c0 ./Middlewares/Third_Party/FreeRTOS/Source/queue.o
                0x0000000008007c5c                xQueueReceive
 .text.xQueueSemaphoreTake
                0x0000000008007e1c      0x218 ./Middlewares/Third_Party/FreeRTOS/Source/queue.o
                0x0000000008007e1c                xQueueSemaphoreTake
 .text.xQueueReceiveFromISR
                0x0000000008008034      0x100 ./Middlewares/Third_Party/FreeRTOS/Source/queue.o
                0x0000000008008034                xQueueReceiveFromISR
 .text.uxQueueMessagesWaiting
                0x0000000008008134       0x3c ./Middlewares/Third_Party/FreeRTOS/Source/queue.o
                0x0000000008008134                uxQueueMessagesWaiting
 .text.uxQueueMessagesWaitingFromISR
                0x0000000008008170       0x3c ./Middlewares/Third_Party/FreeRTOS/Source/queue.o
                0x0000000008008170                uxQueueMessagesWaitingFromISR
 .text.prvGetDisinheritPriorityAfterTimeout
                0x00000000080081ac       0x30 ./Middlewares/Third_Party/FreeRTOS/Source/queue.o
 .text.prvCopyDataToQueue
                0x00000000080081dc       0xd4 ./Middlewares/Third_Party/FreeRTOS/Source/queue.o
 .text.prvCopyDataFromQueue
                0x00000000080082b0       0x4c ./Middlewares/Third_Party/FreeRTOS/Source/queue.o
 .text.prvUnlockQueue
                0x00000000080082fc       0xa4 ./Middlewares/Third_Party/FreeRTOS/Source/queue.o
 .text.prvIsQueueEmpty
                0x00000000080083a0       0x2c ./Middlewares/Third_Party/FreeRTOS/Source/queue.o
 .text.prvIsQueueFull
                0x00000000080083cc       0x30 ./Middlewares/Third_Party/FreeRTOS/Source/queue.o
 .text.vQueueAddToRegistry
                0x00000000080083fc       0x54 ./Middlewares/Third_Party/FreeRTOS/Source/queue.o
                0x00000000080083fc                vQueueAddToRegistry
 .text.vQueueWaitForMessageRestricted
                0x0000000008008450       0x68 ./Middlewares/Third_Party/FreeRTOS/Source/queue.o
                0x0000000008008450                vQueueWaitForMessageRestricted
 .text.xTaskCreateStatic
                0x00000000080084b8       0xba ./Middlewares/Third_Party/FreeRTOS/Source/tasks.o
                0x00000000080084b8                xTaskCreateStatic
 .text.xTaskCreate
                0x0000000008008572       0x8a ./Middlewares/Third_Party/FreeRTOS/Source/tasks.o
                0x0000000008008572                xTaskCreate
 .text.prvInitialiseNewTask
                0x00000000080085fc      0x14c ./Middlewares/Third_Party/FreeRTOS/Source/tasks.o
 .text.prvAddNewTaskToReadyList
                0x0000000008008748       0xe0 ./Middlewares/Third_Party/FreeRTOS/Source/tasks.o
 .text.vTaskDelay
                0x0000000008008828       0x68 ./Middlewares/Third_Party/FreeRTOS/Source/tasks.o
                0x0000000008008828                vTaskDelay
 .text.vTaskStartScheduler
                0x0000000008008890       0xe0 ./Middlewares/Third_Party/FreeRTOS/Source/tasks.o
                0x0000000008008890                vTaskStartScheduler
 .text.vTaskSuspendAll
                0x0000000008008970       0x1c ./Middlewares/Third_Party/FreeRTOS/Source/tasks.o
                0x0000000008008970                vTaskSuspendAll
 .text.xTaskResumeAll
                0x000000000800898c      0x13c ./Middlewares/Third_Party/FreeRTOS/Source/tasks.o
                0x000000000800898c                xTaskResumeAll
 .text.xTaskGetTickCount
                0x0000000008008ac8       0x20 ./Middlewares/Third_Party/FreeRTOS/Source/tasks.o
                0x0000000008008ac8                xTaskGetTickCount
 .text.xTaskIncrementTick
                0x0000000008008ae8      0x174 ./Middlewares/Third_Party/FreeRTOS/Source/tasks.o
                0x0000000008008ae8                xTaskIncrementTick
 .text.vTaskSwitchContext
                0x0000000008008c5c       0xc8 ./Middlewares/Third_Party/FreeRTOS/Source/tasks.o
                0x0000000008008c5c                vTaskSwitchContext
 .text.vTaskPlaceOnEventList
                0x0000000008008d24       0x48 ./Middlewares/Third_Party/FreeRTOS/Source/tasks.o
                0x0000000008008d24                vTaskPlaceOnEventList
 .text.vTaskPlaceOnUnorderedEventList
                0x0000000008008d6c       0x78 ./Middlewares/Third_Party/FreeRTOS/Source/tasks.o
                0x0000000008008d6c                vTaskPlaceOnUnorderedEventList
 .text.vTaskPlaceOnEventListRestricted
                0x0000000008008de4       0x58 ./Middlewares/Third_Party/FreeRTOS/Source/tasks.o
                0x0000000008008de4                vTaskPlaceOnEventListRestricted
 .text.xTaskRemoveFromEventList
                0x0000000008008e3c       0xc8 ./Middlewares/Third_Party/FreeRTOS/Source/tasks.o
                0x0000000008008e3c                xTaskRemoveFromEventList
 .text.vTaskRemoveFromUnorderedEventList
                0x0000000008008f04       0xc4 ./Middlewares/Third_Party/FreeRTOS/Source/tasks.o
                0x0000000008008f04                vTaskRemoveFromUnorderedEventList
 .text.vTaskInternalSetTimeOutState
                0x0000000008008fc8       0x2c ./Middlewares/Third_Party/FreeRTOS/Source/tasks.o
                0x0000000008008fc8                vTaskInternalSetTimeOutState
 .text.xTaskCheckForTimeOut
                0x0000000008008ff4       0xc4 ./Middlewares/Third_Party/FreeRTOS/Source/tasks.o
                0x0000000008008ff4                xTaskCheckForTimeOut
 .text.vTaskMissedYield
                0x00000000080090b8       0x18 ./Middlewares/Third_Party/FreeRTOS/Source/tasks.o
                0x00000000080090b8                vTaskMissedYield
 .text.prvIdleTask
                0x00000000080090d0       0x30 ./Middlewares/Third_Party/FreeRTOS/Source/tasks.o
 .text.prvInitialiseTaskLists
                0x0000000008009100       0x80 ./Middlewares/Third_Party/FreeRTOS/Source/tasks.o
 .text.prvCheckTasksWaitingTermination
                0x0000000008009180       0x5c ./Middlewares/Third_Party/FreeRTOS/Source/tasks.o
 .text.prvDeleteTCB
                0x00000000080091dc       0x68 ./Middlewares/Third_Party/FreeRTOS/Source/tasks.o
 .text.prvResetNextTaskUnblockTime
                0x0000000008009244       0x40 ./Middlewares/Third_Party/FreeRTOS/Source/tasks.o
 .text.xTaskGetSchedulerState
                0x0000000008009284       0x3c ./Middlewares/Third_Party/FreeRTOS/Source/tasks.o
                0x0000000008009284                xTaskGetSchedulerState
 .text.xTaskPriorityInherit
                0x00000000080092c0       0xd0 ./Middlewares/Third_Party/FreeRTOS/Source/tasks.o
                0x00000000080092c0                xTaskPriorityInherit
 .text.xTaskPriorityDisinherit
                0x0000000008009390       0xdc ./Middlewares/Third_Party/FreeRTOS/Source/tasks.o
                0x0000000008009390                xTaskPriorityDisinherit
 .text.vTaskPriorityDisinheritAfterTimeout
                0x000000000800946c      0x104 ./Middlewares/Third_Party/FreeRTOS/Source/tasks.o
                0x000000000800946c                vTaskPriorityDisinheritAfterTimeout
 .text.uxTaskResetEventItemValue
                0x0000000008009570       0x30 ./Middlewares/Third_Party/FreeRTOS/Source/tasks.o
                0x0000000008009570                uxTaskResetEventItemValue
 .text.pvTaskIncrementMutexHeldCount
                0x00000000080095a0       0x28 ./Middlewares/Third_Party/FreeRTOS/Source/tasks.o
                0x00000000080095a0                pvTaskIncrementMutexHeldCount
 .text.prvAddCurrentTaskToDelayedList
                0x00000000080095c8       0xa8 ./Middlewares/Third_Party/FreeRTOS/Source/tasks.o
 .text.xTimerCreateTimerTask
                0x0000000008009670       0x90 ./Middlewares/Third_Party/FreeRTOS/Source/timers.o
                0x0000000008009670                xTimerCreateTimerTask
 .text.xTimerGenericCommand
                0x0000000008009700       0x9c ./Middlewares/Third_Party/FreeRTOS/Source/timers.o
                0x0000000008009700                xTimerGenericCommand
 .text.prvProcessExpiredTimer
                0x000000000800979c       0x98 ./Middlewares/Third_Party/FreeRTOS/Source/timers.o
 .text.prvTimerTask
                0x0000000008009834       0x24 ./Middlewares/Third_Party/FreeRTOS/Source/timers.o
 .text.prvProcessTimerOrBlockTask
                0x0000000008009858       0x9c ./Middlewares/Third_Party/FreeRTOS/Source/timers.o
 .text.prvGetNextExpireTime
                0x00000000080098f4       0x48 ./Middlewares/Third_Party/FreeRTOS/Source/timers.o
 .text.prvSampleTimeNow
                0x000000000800993c       0x40 ./Middlewares/Third_Party/FreeRTOS/Source/timers.o
 .text.prvInsertTimerInActiveList
                0x000000000800997c       0x84 ./Middlewares/Third_Party/FreeRTOS/Source/timers.o
 .text.prvProcessReceivedCommands
                0x0000000008009a00      0x1c4 ./Middlewares/Third_Party/FreeRTOS/Source/timers.o
 .text.prvSwitchTimerLists
                0x0000000008009bc4       0xc8 ./Middlewares/Third_Party/FreeRTOS/Source/timers.o
 .text.prvCheckForValidListAndQueue
                0x0000000008009c8c       0x80 ./Middlewares/Third_Party/FreeRTOS/Source/timers.o
 .text.xTimerPendFunctionCallFromISR
                0x0000000008009d0c       0x40 ./Middlewares/Third_Party/FreeRTOS/Source/timers.o
                0x0000000008009d0c                xTimerPendFunctionCallFromISR
 .text.pxPortInitialiseStack
                0x0000000008009d4c       0x68 ./Middlewares/Third_Party/FreeRTOS/Source/portable/GCC/ARM_CM4F/port.o
                0x0000000008009d4c                pxPortInitialiseStack
 .text.prvTaskExitError
                0x0000000008009db4       0x58 ./Middlewares/Third_Party/FreeRTOS/Source/portable/GCC/ARM_CM4F/port.o
 *fill*         0x0000000008009e0c        0x4 
 .text.SVC_Handler
                0x0000000008009e10       0x28 ./Middlewares/Third_Party/FreeRTOS/Source/portable/GCC/ARM_CM4F/port.o
                0x0000000008009e10                SVC_Handler
 .text.prvPortStartFirstTask
                0x0000000008009e38       0x28 ./Middlewares/Third_Party/FreeRTOS/Source/portable/GCC/ARM_CM4F/port.o
 .text.xPortStartScheduler
                0x0000000008009e60      0x144 ./Middlewares/Third_Party/FreeRTOS/Source/portable/GCC/ARM_CM4F/port.o
                0x0000000008009e60                xPortStartScheduler
 .text.vPortEnterCritical
                0x0000000008009fa4       0x60 ./Middlewares/Third_Party/FreeRTOS/Source/portable/GCC/ARM_CM4F/port.o
                0x0000000008009fa4                vPortEnterCritical
 .text.vPortExitCritical
                0x000000000800a004       0x54 ./Middlewares/Third_Party/FreeRTOS/Source/portable/GCC/ARM_CM4F/port.o
                0x000000000800a004                vPortExitCritical
 *fill*         0x000000000800a058        0x8 
 .text.PendSV_Handler
                0x000000000800a060       0x68 ./Middlewares/Third_Party/FreeRTOS/Source/portable/GCC/ARM_CM4F/port.o
                0x000000000800a060                PendSV_Handler
 .text.xPortSysTickHandler
                0x000000000800a0c8       0x44 ./Middlewares/Third_Party/FreeRTOS/Source/portable/GCC/ARM_CM4F/port.o
                0x000000000800a0c8                xPortSysTickHandler
 .text.vPortSetupTimerInterrupt
                0x000000000800a10c       0x48 ./Middlewares/Third_Party/FreeRTOS/Source/portable/GCC/ARM_CM4F/port.o
                0x000000000800a10c                vPortSetupTimerInterrupt
 .text.vPortEnableVFP
                0x000000000800a154       0x14 ./Middlewares/Third_Party/FreeRTOS/Source/portable/GCC/ARM_CM4F/port.o
 .text.vPortValidateInterruptPriority
                0x000000000800a168       0x80 ./Middlewares/Third_Party/FreeRTOS/Source/portable/GCC/ARM_CM4F/port.o
                0x000000000800a168                vPortValidateInterruptPriority
 .text.pvPortMalloc
                0x000000000800a1e8      0x198 ./Middlewares/Third_Party/FreeRTOS/Source/portable/MemMang/heap_4.o
                0x000000000800a1e8                pvPortMalloc
 .text.vPortFree
                0x000000000800a380       0xc4 ./Middlewares/Third_Party/FreeRTOS/Source/portable/MemMang/heap_4.o
                0x000000000800a380                vPortFree
 .text.prvHeapInit
                0x000000000800a444       0xc4 ./Middlewares/Third_Party/FreeRTOS/Source/portable/MemMang/heap_4.o
 .text.prvInsertBlockIntoFreeList
                0x000000000800a508       0xb4 ./Middlewares/Third_Party/FreeRTOS/Source/portable/MemMang/heap_4.o
 .text.__errno  0x000000000800a5bc        0xc c:/program files/stm32cubeide_1.7.0/stm32cubeide/plugins/com.st.stm32cube.ide.mcu.externaltools.gnu-tools-for-stm32.10.3-2021.10.win32_1.0.100.202210260954/tools/bin/../lib/gcc/arm-none-eabi/10.3.1/../../../../arm-none-eabi/lib/thumb/v7e-m+fp/hard\libc_nano.a(lib_a-errno.o)
                0x000000000800a5bc                __errno
 .text.__libc_init_array
                0x000000000800a5c8       0x48 c:/program files/stm32cubeide_1.7.0/stm32cubeide/plugins/com.st.stm32cube.ide.mcu.externaltools.gnu-tools-for-stm32.10.3-2021.10.win32_1.0.100.202210260954/tools/bin/../lib/gcc/arm-none-eabi/10.3.1/../../../../arm-none-eabi/lib/thumb/v7e-m+fp/hard\libc_nano.a(lib_a-init.o)
                0x000000000800a5c8                __libc_init_array
 .text.__retarget_lock_acquire_recursive
                0x000000000800a610        0x2 c:/program files/stm32cubeide_1.7.0/stm32cubeide/plugins/com.st.stm32cube.ide.mcu.externaltools.gnu-tools-for-stm32.10.3-2021.10.win32_1.0.100.202210260954/tools/bin/../lib/gcc/arm-none-eabi/10.3.1/../../../../arm-none-eabi/lib/thumb/v7e-m+fp/hard\libc_nano.a(lib_a-lock.o)
                0x000000000800a610                __retarget_lock_acquire_recursive
 .text.__retarget_lock_release_recursive
                0x000000000800a612        0x2 c:/program files/stm32cubeide_1.7.0/stm32cubeide/plugins/com.st.stm32cube.ide.mcu.externaltools.gnu-tools-for-stm32.10.3-2021.10.win32_1.0.100.202210260954/tools/bin/../lib/gcc/arm-none-eabi/10.3.1/../../../../arm-none-eabi/lib/thumb/v7e-m+fp/hard\libc_nano.a(lib_a-lock.o)
                0x000000000800a612                __retarget_lock_release_recursive
 .text.memcpy   0x000000000800a614       0x1c c:/program files/stm32cubeide_1.7.0/stm32cubeide/plugins/com.st.stm32cube.ide.mcu.externaltools.gnu-tools-for-stm32.10.3-2021.10.win32_1.0.100.202210260954/tools/bin/../lib/gcc/arm-none-eabi/10.3.1/../../../../arm-none-eabi/lib/thumb/v7e-m+fp/hard\libc_nano.a(lib_a-memcpy-stub.o)
                0x000000000800a614                memcpy
 .text.memset   0x000000000800a630       0x10 c:/program files/stm32cubeide_1.7.0/stm32cubeide/plugins/com.st.stm32cube.ide.mcu.externaltools.gnu-tools-for-stm32.10.3-2021.10.win32_1.0.100.202210260954/tools/bin/../lib/gcc/arm-none-eabi/10.3.1/../../../../arm-none-eabi/lib/thumb/v7e-m+fp/hard\libc_nano.a(lib_a-memset.o)
                0x000000000800a630                memset
 .text.sbrk_aligned
                0x000000000800a640       0x40 c:/program files/stm32cubeide_1.7.0/stm32cubeide/plugins/com.st.stm32cube.ide.mcu.externaltools.gnu-tools-for-stm32.10.3-2021.10.win32_1.0.100.202210260954/tools/bin/../lib/gcc/arm-none-eabi/10.3.1/../../../../arm-none-eabi/lib/thumb/v7e-m+fp/hard\libc_nano.a(lib_a-nano-mallocr.o)
 .text._malloc_r
                0x000000000800a680       0xe8 c:/program files/stm32cubeide_1.7.0/stm32cubeide/plugins/com.st.stm32cube.ide.mcu.externaltools.gnu-tools-for-stm32.10.3-2021.10.win32_1.0.100.202210260954/tools/bin/../lib/gcc/arm-none-eabi/10.3.1/../../../../arm-none-eabi/lib/thumb/v7e-m+fp/hard\libc_nano.a(lib_a-nano-mallocr.o)
                0x000000000800a680                _malloc_r
 .text.cleanup_glue
                0x000000000800a768       0x1a c:/program files/stm32cubeide_1.7.0/stm32cubeide/plugins/com.st.stm32cube.ide.mcu.externaltools.gnu-tools-for-stm32.10.3-2021.10.win32_1.0.100.202210260954/tools/bin/../lib/gcc/arm-none-eabi/10.3.1/../../../../arm-none-eabi/lib/thumb/v7e-m+fp/hard\libc_nano.a(lib_a-reent.o)
                0x000000000800a768                cleanup_glue
 *fill*         0x000000000800a782        0x2 
 .text._reclaim_reent
                0x000000000800a784       0xb8 c:/program files/stm32cubeide_1.7.0/stm32cubeide/plugins/com.st.stm32cube.ide.mcu.externaltools.gnu-tools-for-stm32.10.3-2021.10.win32_1.0.100.202210260954/tools/bin/../lib/gcc/arm-none-eabi/10.3.1/../../../../arm-none-eabi/lib/thumb/v7e-m+fp/hard\libc_nano.a(lib_a-reent.o)
                0x000000000800a784                _reclaim_reent
 .text._sbrk_r  0x000000000800a83c       0x20 c:/program files/stm32cubeide_1.7.0/stm32cubeide/plugins/com.st.stm32cube.ide.mcu.externaltools.gnu-tools-for-stm32.10.3-2021.10.win32_1.0.100.202210260954/tools/bin/../lib/gcc/arm-none-eabi/10.3.1/../../../../arm-none-eabi/lib/thumb/v7e-m+fp/hard\libc_nano.a(lib_a-sbrkr.o)
                0x000000000800a83c                _sbrk_r
 .text._vsnprintf_r
                0x000000000800a85c       0x56 c:/program files/stm32cubeide_1.7.0/stm32cubeide/plugins/com.st.stm32cube.ide.mcu.externaltools.gnu-tools-for-stm32.10.3-2021.10.win32_1.0.100.202210260954/tools/bin/../lib/gcc/arm-none-eabi/10.3.1/../../../../arm-none-eabi/lib/thumb/v7e-m+fp/hard\libc_nano.a(lib_a-vsnprintf.o)
                0x000000000800a85c                _vsniprintf_r
                0x000000000800a85c                _vsnprintf_r
 *fill*         0x000000000800a8b2        0x2 
 .text.vsnprintf
                0x000000000800a8b4       0x1c c:/program files/stm32cubeide_1.7.0/stm32cubeide/plugins/com.st.stm32cube.ide.mcu.externaltools.gnu-tools-for-stm32.10.3-2021.10.win32_1.0.100.202210260954/tools/bin/../lib/gcc/arm-none-eabi/10.3.1/../../../../arm-none-eabi/lib/thumb/v7e-m+fp/hard\libc_nano.a(lib_a-vsnprintf.o)
                0x000000000800a8b4                vsniprintf
                0x000000000800a8b4                vsnprintf
 .text.__malloc_lock
                0x000000000800a8d0        0xc c:/program files/stm32cubeide_1.7.0/stm32cubeide/plugins/com.st.stm32cube.ide.mcu.externaltools.gnu-tools-for-stm32.10.3-2021.10.win32_1.0.100.202210260954/tools/bin/../lib/gcc/arm-none-eabi/10.3.1/../../../../arm-none-eabi/lib/thumb/v7e-m+fp/hard\libc_nano.a(lib_a-mlock.o)
                0x000000000800a8d0                __malloc_lock
 .text.__malloc_unlock
                0x000000000800a8dc        0xc c:/program files/stm32cubeide_1.7.0/stm32cubeide/plugins/com.st.stm32cube.ide.mcu.externaltools.gnu-tools-for-stm32.10.3-2021.10.win32_1.0.100.202210260954/tools/bin/../lib/gcc/arm-none-eabi/10.3.1/../../../../arm-none-eabi/lib/thumb/v7e-m+fp/hard\libc_nano.a(lib_a-mlock.o)
                0x000000000800a8dc                __malloc_unlock
 .text._free_r  0x000000000800a8e8       0x98 c:/program files/stm32cubeide_1.7.0/stm32cubeide/plugins/com.st.stm32cube.ide.mcu.externaltools.gnu-tools-for-stm32.10.3-2021.10.win32_1.0.100.202210260954/tools/bin/../lib/gcc/arm-none-eabi/10.3.1/../../../../arm-none-eabi/lib/thumb/v7e-m+fp/hard\libc_nano.a(lib_a-nano-freer.o)
                0x000000000800a8e8                _free_r
 .text.__ssputs_r
                0x000000000800a980       0xb6 c:/program files/stm32cubeide_1.7.0/stm32cubeide/plugins/com.st.stm32cube.ide.mcu.externaltools.gnu-tools-for-stm32.10.3-2021.10.win32_1.0.100.202210260954/tools/bin/../lib/gcc/arm-none-eabi/10.3.1/../../../../arm-none-eabi/lib/thumb/v7e-m+fp/hard\libc_nano.a(lib_a-nano-svfprintf.o)
                0x000000000800a980                __ssputs_r
 *fill*         0x000000000800aa36        0x2 
 .text._svfprintf_r
                0x000000000800aa38      0x200 c:/program files/stm32cubeide_1.7.0/stm32cubeide/plugins/com.st.stm32cube.ide.mcu.externaltools.gnu-tools-for-stm32.10.3-2021.10.win32_1.0.100.202210260954/tools/bin/../lib/gcc/arm-none-eabi/10.3.1/../../../../arm-none-eabi/lib/thumb/v7e-m+fp/hard\libc_nano.a(lib_a-nano-svfprintf.o)
                0x000000000800aa38                _svfiprintf_r
                0x000000000800aa38                _svfprintf_r
 .text._printf_common
                0x000000000800ac38       0xda c:/program files/stm32cubeide_1.7.0/stm32cubeide/plugins/com.st.stm32cube.ide.mcu.externaltools.gnu-tools-for-stm32.10.3-2021.10.win32_1.0.100.202210260954/tools/bin/../lib/gcc/arm-none-eabi/10.3.1/../../../../arm-none-eabi/lib/thumb/v7e-m+fp/hard\libc_nano.a(lib_a-nano-vfprintf_i.o)
                0x000000000800ac38                _printf_common
 *fill*         0x000000000800ad12        0x2 
 .text._printf_i
                0x000000000800ad14      0x24c c:/program files/stm32cubeide_1.7.0/stm32cubeide/plugins/com.st.stm32cube.ide.mcu.externaltools.gnu-tools-for-stm32.10.3-2021.10.win32_1.0.100.202210260954/tools/bin/../lib/gcc/arm-none-eabi/10.3.1/../../../../arm-none-eabi/lib/thumb/v7e-m+fp/hard\libc_nano.a(lib_a-nano-vfprintf_i.o)
                0x000000000800ad14                _printf_i
 .text.memmove  0x000000000800af60       0x34 c:/program files/stm32cubeide_1.7.0/stm32cubeide/plugins/com.st.stm32cube.ide.mcu.externaltools.gnu-tools-for-stm32.10.3-2021.10.win32_1.0.100.202210260954/tools/bin/../lib/gcc/arm-none-eabi/10.3.1/../../../../arm-none-eabi/lib/thumb/v7e-m+fp/hard\libc_nano.a(lib_a-memmove.o)
                0x000000000800af60                memmove
 .text._realloc_r
                0x000000000800af94       0x5e c:/program files/stm32cubeide_1.7.0/stm32cubeide/plugins/com.st.stm32cube.ide.mcu.externaltools.gnu-tools-for-stm32.10.3-2021.10.win32_1.0.100.202210260954/tools/bin/../lib/gcc/arm-none-eabi/10.3.1/../../../../arm-none-eabi/lib/thumb/v7e-m+fp/hard\libc_nano.a(lib_a-nano-reallocr.o)
                0x000000000800af94                _realloc_r
 .text._malloc_usable_size_r
                0x000000000800aff2       0x10 c:/program files/stm32cubeide_1.7.0/stm32cubeide/plugins/com.st.stm32cube.ide.mcu.externaltools.gnu-tools-for-stm32.10.3-2021.10.win32_1.0.100.202210260954/tools/bin/../lib/gcc/arm-none-eabi/10.3.1/../../../../arm-none-eabi/lib/thumb/v7e-m+fp/hard\libc_nano.a(lib_a-nano-msizer.o)
                0x000000000800aff2                _malloc_usable_size_r
 *(.glue_7)
 .glue_7        0x000000000800b002        0x0 linker stubs
 *(.glue_7t)
 .glue_7t       0x000000000800b002        0x0 linker stubs
 *(.eh_frame)
 *fill*         0x000000000800b002        0x2 
 .eh_frame      0x000000000800b004        0x0 c:/program files/stm32cubeide_1.7.0/stm32cubeide/plugins/com.st.stm32cube.ide.mcu.externaltools.gnu-tools-for-stm32.10.3-2021.10.win32_1.0.100.202210260954/tools/bin/../lib/gcc/arm-none-eabi/10.3.1/thumb/v7e-m+fp/hard/crtbegin.o
 *(.init)
 .init          0x000000000800b004        0x4 c:/program files/stm32cubeide_1.7.0/stm32cubeide/plugins/com.st.stm32cube.ide.mcu.externaltools.gnu-tools-for-stm32.10.3-2021.10.win32_1.0.100.202210260954/tools/bin/../lib/gcc/arm-none-eabi/10.3.1/thumb/v7e-m+fp/hard/crti.o
                0x000000000800b004                _init
 .init          0x000000000800b008        0x8 c:/program files/stm32cubeide_1.7.0/stm32cubeide/plugins/com.st.stm32cube.ide.mcu.externaltools.gnu-tools-for-stm32.10.3-2021.10.win32_1.0.100.202210260954/tools/bin/../lib/gcc/arm-none-eabi/10.3.1/thumb/v7e-m+fp/hard/crtn.o
 *(.fini)
 .fini          0x000000000800b010        0x4 c:/program files/stm32cubeide_1.7.0/stm32cubeide/plugins/com.st.stm32cube.ide.mcu.externaltools.gnu-tools-for-stm32.10.3-2021.10.win32_1.0.100.202210260954/tools/bin/../lib/gcc/arm-none-eabi/10.3.1/thumb/v7e-m+fp/hard/crti.o
                0x000000000800b010                _fini
 .fini          0x000000000800b014        0x8 c:/program files/stm32cubeide_1.7.0/stm32cubeide/plugins/com.st.stm32cube.ide.mcu.externaltools.gnu-tools-for-stm32.10.3-2021.10.win32_1.0.100.202210260954/tools/bin/../lib/gcc/arm-none-eabi/10.3.1/thumb/v7e-m+fp/hard/crtn.o
                0x000000000800b01c                . = ALIGN (0x4)
                0x000000000800b01c                _etext = .

.vfp11_veneer   0x000000000800b01c        0x0
 .vfp11_veneer  0x000000000800b01c        0x0 linker stubs

.v4_bx          0x000000000800b01c        0x0
 .v4_bx         0x000000000800b01c        0x0 linker stubs

.iplt           0x000000000800b01c        0x0
 .iplt          0x000000000800b01c        0x0 c:/program files/stm32cubeide_1.7.0/stm32cubeide/plugins/com.st.stm32cube.ide.mcu.externaltools.gnu-tools-for-stm32.10.3-2021.10.win32_1.0.100.202210260954/tools/bin/../lib/gcc/arm-none-eabi/10.3.1/thumb/v7e-m+fp/hard/crtbegin.o

.rodata         0x000000000800b01c      0x184
                0x000000000800b01c                . = ALIGN (0x4)
 *(.rodata)
 .rodata        0x000000000800b01c        0xc ./Core/Src/freertos.o
 .rodata        0x000000000800b028       0x27 ./Core/Src/main.o
 *fill*         0x000000000800b04f        0x1 
 .rodata        0x000000000800b050        0xc ./Core/application/BuzzerTask.o
 .rodata        0x000000000800b05c        0xa ./Core/application/DefTask.o
 *fill*         0x000000000800b066        0x2 
 .rodata        0x000000000800b068        0x5 ./Middlewares/Third_Party/FreeRTOS/Source/tasks.o
 *fill*         0x000000000800b06d        0x3 
 .rodata        0x000000000800b070        0xd ./Middlewares/Third_Party/FreeRTOS/Source/timers.o
 *(.rodata*)
 *fill*         0x000000000800b07d        0x3 
 .rodata.defaultTask_attributes
                0x000000000800b080       0x24 ./Core/Src/freertos.o
                0x000000000800b080                defaultTask_attributes
 .rodata.AHBPrescTable
                0x000000000800b0a4       0x10 ./Core/Src/system_stm32f4xx.o
                0x000000000800b0a4                AHBPrescTable
 .rodata.APBPrescTable
                0x000000000800b0b4        0x8 ./Core/Src/system_stm32f4xx.o
                0x000000000800b0b4                APBPrescTable
 .rodata.Buzzer_Task_attributes
                0x000000000800b0bc       0x24 ./Core/application/BuzzerTask.o
                0x000000000800b0bc                Buzzer_Task_attributes
 .rodata.timerTask_attributes
                0x000000000800b0e0       0x24 ./Core/application/DefTask.o
                0x000000000800b0e0                timerTask_attributes
 .rodata.flagBitshiftOffset.0
                0x000000000800b104        0x8 ./Drivers/STM32F4xx_HAL_Driver/Src/stm32f4xx_hal_dma.o
 .rodata.__sf_fake_stderr
                0x000000000800b10c       0x20 c:/program files/stm32cubeide_1.7.0/stm32cubeide/plugins/com.st.stm32cube.ide.mcu.externaltools.gnu-tools-for-stm32.10.3-2021.10.win32_1.0.100.202210260954/tools/bin/../lib/gcc/arm-none-eabi/10.3.1/../../../../arm-none-eabi/lib/thumb/v7e-m+fp/hard\libc_nano.a(lib_a-findfp.o)
                0x000000000800b10c                __sf_fake_stderr
 .rodata.__sf_fake_stdin
                0x000000000800b12c       0x20 c:/program files/stm32cubeide_1.7.0/stm32cubeide/plugins/com.st.stm32cube.ide.mcu.externaltools.gnu-tools-for-stm32.10.3-2021.10.win32_1.0.100.202210260954/tools/bin/../lib/gcc/arm-none-eabi/10.3.1/../../../../arm-none-eabi/lib/thumb/v7e-m+fp/hard\libc_nano.a(lib_a-findfp.o)
                0x000000000800b12c                __sf_fake_stdin
 .rodata.__sf_fake_stdout
                0x000000000800b14c       0x20 c:/program files/stm32cubeide_1.7.0/stm32cubeide/plugins/com.st.stm32cube.ide.mcu.externaltools.gnu-tools-for-stm32.10.3-2021.10.win32_1.0.100.202210260954/tools/bin/../lib/gcc/arm-none-eabi/10.3.1/../../../../arm-none-eabi/lib/thumb/v7e-m+fp/hard\libc_nano.a(lib_a-findfp.o)
                0x000000000800b14c                __sf_fake_stdout
 .rodata._svfprintf_r.str1.1
                0x000000000800b16c       0x11 c:/program files/stm32cubeide_1.7.0/stm32cubeide/plugins/com.st.stm32cube.ide.mcu.externaltools.gnu-tools-for-stm32.10.3-2021.10.win32_1.0.100.202210260954/tools/bin/../lib/gcc/arm-none-eabi/10.3.1/../../../../arm-none-eabi/lib/thumb/v7e-m+fp/hard\libc_nano.a(lib_a-nano-svfprintf.o)
 .rodata._printf_i.str1.1
                0x000000000800b17d       0x22 c:/program files/stm32cubeide_1.7.0/stm32cubeide/plugins/com.st.stm32cube.ide.mcu.externaltools.gnu-tools-for-stm32.10.3-2021.10.win32_1.0.100.202210260954/tools/bin/../lib/gcc/arm-none-eabi/10.3.1/../../../../arm-none-eabi/lib/thumb/v7e-m+fp/hard\libc_nano.a(lib_a-nano-vfprintf_i.o)
                0x000000000800b1a0                . = ALIGN (0x4)
 *fill*         0x000000000800b19f        0x1 

.ARM.extab      0x000000000800b1a0        0x0
                0x000000000800b1a0                . = ALIGN (0x4)
 *(.ARM.extab* .gnu.linkonce.armextab.*)
                0x000000000800b1a0                . = ALIGN (0x4)

.ARM            0x000000000800b1a0        0x8
                0x000000000800b1a0                . = ALIGN (0x4)
                0x000000000800b1a0                __exidx_start = .
 *(.ARM.exidx*)
 .ARM.exidx     0x000000000800b1a0        0x8 c:/program files/stm32cubeide_1.7.0/stm32cubeide/plugins/com.st.stm32cube.ide.mcu.externaltools.gnu-tools-for-stm32.10.3-2021.10.win32_1.0.100.202210260954/tools/bin/../lib/gcc/arm-none-eabi/10.3.1/thumb/v7e-m+fp/hard\libgcc.a(_udivmoddi4.o)
                0x000000000800b1a8                __exidx_end = .
                0x000000000800b1a8                . = ALIGN (0x4)

.rel.dyn        0x000000000800b1a8        0x0
 .rel.iplt      0x000000000800b1a8        0x0 c:/program files/stm32cubeide_1.7.0/stm32cubeide/plugins/com.st.stm32cube.ide.mcu.externaltools.gnu-tools-for-stm32.10.3-2021.10.win32_1.0.100.202210260954/tools/bin/../lib/gcc/arm-none-eabi/10.3.1/thumb/v7e-m+fp/hard/crtbegin.o

.preinit_array  0x000000000800b1a8        0x0
                0x000000000800b1a8                . = ALIGN (0x4)
                0x000000000800b1a8                PROVIDE (__preinit_array_start = .)
 *(.preinit_array*)
                0x000000000800b1a8                PROVIDE (__preinit_array_end = .)
                0x000000000800b1a8                . = ALIGN (0x4)

.init_array     0x000000000800b1a8        0x4
                0x000000000800b1a8                . = ALIGN (0x4)
                0x000000000800b1a8                PROVIDE (__init_array_start = .)
 *(SORT_BY_NAME(.init_array.*))
 *(.init_array*)
 .init_array    0x000000000800b1a8        0x4 c:/program files/stm32cubeide_1.7.0/stm32cubeide/plugins/com.st.stm32cube.ide.mcu.externaltools.gnu-tools-for-stm32.10.3-2021.10.win32_1.0.100.202210260954/tools/bin/../lib/gcc/arm-none-eabi/10.3.1/thumb/v7e-m+fp/hard/crtbegin.o
                0x000000000800b1ac                PROVIDE (__init_array_end = .)
                0x000000000800b1ac                . = ALIGN (0x4)

.fini_array     0x000000000800b1ac        0x4
                0x000000000800b1ac                . = ALIGN (0x4)
                [!provide]                        PROVIDE (__fini_array_start = .)
 *(SORT_BY_NAME(.fini_array.*))
 *(.fini_array*)
 .fini_array    0x000000000800b1ac        0x4 c:/program files/stm32cubeide_1.7.0/stm32cubeide/plugins/com.st.stm32cube.ide.mcu.externaltools.gnu-tools-for-stm32.10.3-2021.10.win32_1.0.100.202210260954/tools/bin/../lib/gcc/arm-none-eabi/10.3.1/thumb/v7e-m+fp/hard/crtbegin.o
                [!provide]                        PROVIDE (__fini_array_end = .)
                0x000000000800b1b0                . = ALIGN (0x4)
                0x000000000800b1b0                _sidata = LOADADDR (.data)

.data           0x0000000020000000       0x78 load address 0x000000000800b1b0
                0x0000000020000000                . = ALIGN (0x4)
                0x0000000020000000                _sdata = .
 *(.data)
 *(.data*)
 .data.SystemCoreClock
                0x0000000020000000        0x4 ./Core/Src/system_stm32f4xx.o
                0x0000000020000000                SystemCoreClock
 .data.uart_handle_p
                0x0000000020000004        0x4 ./Core/application/print_server.o
                0x0000000020000004                uart_handle_p
 .data.uwTickPrio
                0x0000000020000008        0x4 ./Drivers/STM32F4xx_HAL_Driver/Src/stm32f4xx_hal.o
                0x0000000020000008                uwTickPrio
 .data.uwTickFreq
                0x000000002000000c        0x1 ./Drivers/STM32F4xx_HAL_Driver/Src/stm32f4xx_hal.o
                0x000000002000000c                uwTickFreq
 *fill*         0x000000002000000d        0x3 
 .data.uxCriticalNesting
                0x0000000020000010        0x4 ./Middlewares/Third_Party/FreeRTOS/Source/portable/GCC/ARM_CM4F/port.o
 .data._impure_ptr
                0x0000000020000014        0x4 c:/program files/stm32cubeide_1.7.0/stm32cubeide/plugins/com.st.stm32cube.ide.mcu.externaltools.gnu-tools-for-stm32.10.3-2021.10.win32_1.0.100.202210260954/tools/bin/../lib/gcc/arm-none-eabi/10.3.1/../../../../arm-none-eabi/lib/thumb/v7e-m+fp/hard\libc_nano.a(lib_a-impure.o)
                0x0000000020000014                _impure_ptr
 .data.impure_data
                0x0000000020000018       0x60 c:/program files/stm32cubeide_1.7.0/stm32cubeide/plugins/com.st.stm32cube.ide.mcu.externaltools.gnu-tools-for-stm32.10.3-2021.10.win32_1.0.100.202210260954/tools/bin/../lib/gcc/arm-none-eabi/10.3.1/../../../../arm-none-eabi/lib/thumb/v7e-m+fp/hard\libc_nano.a(lib_a-impure.o)
 *(.RamFunc)
 *(.RamFunc*)
                0x0000000020000078                . = ALIGN (0x4)
                0x0000000020000078                _edata = .

.igot.plt       0x0000000020000078        0x0 load address 0x000000000800b228
 .igot.plt      0x0000000020000078        0x0 c:/program files/stm32cubeide_1.7.0/stm32cubeide/plugins/com.st.stm32cube.ide.mcu.externaltools.gnu-tools-for-stm32.10.3-2021.10.win32_1.0.100.202210260954/tools/bin/../lib/gcc/arm-none-eabi/10.3.1/thumb/v7e-m+fp/hard/crtbegin.o
                0x0000000020000078                . = ALIGN (0x4)

.bss            0x0000000020000078     0xafa8 load address 0x000000000800b228
                0x0000000020000078                _sbss = .
                0x0000000020000078                __bss_start__ = _sbss
 *(.bss)
 .bss           0x0000000020000078       0x1c c:/program files/stm32cubeide_1.7.0/stm32cubeide/plugins/com.st.stm32cube.ide.mcu.externaltools.gnu-tools-for-stm32.10.3-2021.10.win32_1.0.100.202210260954/tools/bin/../lib/gcc/arm-none-eabi/10.3.1/thumb/v7e-m+fp/hard/crtbegin.o
 *(.bss*)
 .bss.defaultTaskHandle
                0x0000000020000094        0x4 ./Core/Src/freertos.o
                0x0000000020000094                defaultTaskHandle
 .bss.captured_value1
                0x0000000020000098        0x4 ./Core/Src/main.o
                0x0000000020000098                captured_value1
 .bss.hardwareDelayFlag
                0x000000002000009c        0x4 ./Core/Src/main.o
                0x000000002000009c                hardwareDelayFlag
 .bss.distance  0x00000000200000a0        0x4 ./Core/Src/main.o
                0x00000000200000a0                distance
 .bss.htim7     0x00000000200000a4       0x48 ./Core/Src/stm32f4xx_hal_timebase_tim.o
                0x00000000200000a4                htim7
 .bss.__sbrk_heap_end
                0x00000000200000ec        0x4 ./Core/Src/sysmem.o
 .bss.htim1     0x00000000200000f0       0x48 ./Core/Src/tim.o
                0x00000000200000f0                htim1
 .bss.htim2     0x0000000020000138       0x48 ./Core/Src/tim.o
                0x0000000020000138                htim2
 .bss.htim4     0x0000000020000180       0x48 ./Core/Src/tim.o
                0x0000000020000180                htim4
 .bss.htim5     0x00000000200001c8       0x48 ./Core/Src/tim.o
                0x00000000200001c8                htim5
 .bss.huart2    0x0000000020000210       0x44 ./Core/Src/usart.o
                0x0000000020000210                huart2
 .bss.hdma_usart2_tx
                0x0000000020000254       0x60 ./Core/Src/usart.o
                0x0000000020000254                hdma_usart2_tx
 .bss.Buzzer_TaskHandle
                0x00000000200002b4        0x4 ./Core/application/BuzzerTask.o
                0x00000000200002b4                Buzzer_TaskHandle
 .bss.timerTaskHandle
                0x00000000200002b8        0x4 ./Core/application/DefTask.o
                0x00000000200002b8                timerTaskHandle
 .bss.PrintMsgQ
                0x00000000200002bc        0x4 ./Core/application/print_server.o
 .bss.PrintThread
                0x00000000200002c0        0x4 ./Core/application/print_server.o
                0x00000000200002c0                PrintThread
 .bss.PrintPool
                0x00000000200002c4        0x4 ./Core/application/print_server.o
                0x00000000200002c4                PrintPool
 .bss.Printflag
                0x00000000200002c8        0x4 ./Core/application/print_server.o
                0x00000000200002c8                Printflag
 .bss.uwTick    0x00000000200002cc        0x4 ./Drivers/STM32F4xx_HAL_Driver/Src/stm32f4xx_hal.o
                0x00000000200002cc                uwTick
 .bss.KernelState
                0x00000000200002d0        0x4 ./Middlewares/Third_Party/FreeRTOS/Source/CMSIS_RTOS_V2/cmsis_os2.o
 .bss.Idle_TCB.3
                0x00000000200002d4       0xbc ./Middlewares/Third_Party/FreeRTOS/Source/CMSIS_RTOS_V2/cmsis_os2.o
 .bss.Idle_Stack.2
                0x0000000020000390     0x1000 ./Middlewares/Third_Party/FreeRTOS/Source/CMSIS_RTOS_V2/cmsis_os2.o
 .bss.Timer_TCB.1
                0x0000000020001390       0xbc ./Middlewares/Third_Party/FreeRTOS/Source/CMSIS_RTOS_V2/cmsis_os2.o
 .bss.Timer_Stack.0
                0x000000002000144c     0x2000 ./Middlewares/Third_Party/FreeRTOS/Source/CMSIS_RTOS_V2/cmsis_os2.o
 .bss.xQueueRegistry
                0x000000002000344c       0x40 ./Middlewares/Third_Party/FreeRTOS/Source/queue.o
                0x000000002000344c                xQueueRegistry
 .bss.pxCurrentTCB
                0x000000002000348c        0x4 ./Middlewares/Third_Party/FreeRTOS/Source/tasks.o
                0x000000002000348c                pxCurrentTCB
 .bss.pxReadyTasksLists
                0x0000000020003490      0x460 ./Middlewares/Third_Party/FreeRTOS/Source/tasks.o
 .bss.xDelayedTaskList1
                0x00000000200038f0       0x14 ./Middlewares/Third_Party/FreeRTOS/Source/tasks.o
 .bss.xDelayedTaskList2
                0x0000000020003904       0x14 ./Middlewares/Third_Party/FreeRTOS/Source/tasks.o
 .bss.pxDelayedTaskList
                0x0000000020003918        0x4 ./Middlewares/Third_Party/FreeRTOS/Source/tasks.o
 .bss.pxOverflowDelayedTaskList
                0x000000002000391c        0x4 ./Middlewares/Third_Party/FreeRTOS/Source/tasks.o
 .bss.xPendingReadyList
                0x0000000020003920       0x14 ./Middlewares/Third_Party/FreeRTOS/Source/tasks.o
 .bss.xTasksWaitingTermination
                0x0000000020003934       0x14 ./Middlewares/Third_Party/FreeRTOS/Source/tasks.o
 .bss.uxDeletedTasksWaitingCleanUp
                0x0000000020003948        0x4 ./Middlewares/Third_Party/FreeRTOS/Source/tasks.o
 .bss.xSuspendedTaskList
                0x000000002000394c       0x14 ./Middlewares/Third_Party/FreeRTOS/Source/tasks.o
 .bss.uxCurrentNumberOfTasks
                0x0000000020003960        0x4 ./Middlewares/Third_Party/FreeRTOS/Source/tasks.o
 .bss.xTickCount
                0x0000000020003964        0x4 ./Middlewares/Third_Party/FreeRTOS/Source/tasks.o
 .bss.uxTopReadyPriority
                0x0000000020003968        0x4 ./Middlewares/Third_Party/FreeRTOS/Source/tasks.o
 .bss.xSchedulerRunning
                0x000000002000396c        0x4 ./Middlewares/Third_Party/FreeRTOS/Source/tasks.o
 .bss.xPendedTicks
                0x0000000020003970        0x4 ./Middlewares/Third_Party/FreeRTOS/Source/tasks.o
 .bss.xYieldPending
                0x0000000020003974        0x4 ./Middlewares/Third_Party/FreeRTOS/Source/tasks.o
 .bss.xNumOfOverflows
                0x0000000020003978        0x4 ./Middlewares/Third_Party/FreeRTOS/Source/tasks.o
 .bss.uxTaskNumber
                0x000000002000397c        0x4 ./Middlewares/Third_Party/FreeRTOS/Source/tasks.o
 .bss.xNextTaskUnblockTime
                0x0000000020003980        0x4 ./Middlewares/Third_Party/FreeRTOS/Source/tasks.o
 .bss.xIdleTaskHandle
                0x0000000020003984        0x4 ./Middlewares/Third_Party/FreeRTOS/Source/tasks.o
 .bss.uxSchedulerSuspended
                0x0000000020003988        0x4 ./Middlewares/Third_Party/FreeRTOS/Source/tasks.o
 .bss.xActiveTimerList1
                0x000000002000398c       0x14 ./Middlewares/Third_Party/FreeRTOS/Source/timers.o
 .bss.xActiveTimerList2
                0x00000000200039a0       0x14 ./Middlewares/Third_Party/FreeRTOS/Source/timers.o
 .bss.pxCurrentTimerList
                0x00000000200039b4        0x4 ./Middlewares/Third_Party/FreeRTOS/Source/timers.o
 .bss.pxOverflowTimerList
                0x00000000200039b8        0x4 ./Middlewares/Third_Party/FreeRTOS/Source/timers.o
 .bss.xTimerQueue
                0x00000000200039bc        0x4 ./Middlewares/Third_Party/FreeRTOS/Source/timers.o
 .bss.xTimerTaskHandle
                0x00000000200039c0        0x4 ./Middlewares/Third_Party/FreeRTOS/Source/timers.o
 .bss.xLastTime.2
                0x00000000200039c4        0x4 ./Middlewares/Third_Party/FreeRTOS/Source/timers.o
 .bss.ucStaticTimerQueueStorage.1
                0x00000000200039c8       0xa0 ./Middlewares/Third_Party/FreeRTOS/Source/timers.o
 .bss.xStaticTimerQueue.0
                0x0000000020003a68       0x50 ./Middlewares/Third_Party/FreeRTOS/Source/timers.o
 .bss.ucMaxSysCallPriority
                0x0000000020003ab8        0x1 ./Middlewares/Third_Party/FreeRTOS/Source/portable/GCC/ARM_CM4F/port.o
 *fill*         0x0000000020003ab9        0x3 
 .bss.ulMaxPRIGROUPValue
                0x0000000020003abc        0x4 ./Middlewares/Third_Party/FreeRTOS/Source/portable/GCC/ARM_CM4F/port.o
 .bss.ucHeap    0x0000000020003ac0     0x7530 ./Middlewares/Third_Party/FreeRTOS/Source/portable/MemMang/heap_4.o
 .bss.xStart    0x000000002000aff0        0x8 ./Middlewares/Third_Party/FreeRTOS/Source/portable/MemMang/heap_4.o
 .bss.pxEnd     0x000000002000aff8        0x4 ./Middlewares/Third_Party/FreeRTOS/Source/portable/MemMang/heap_4.o
 .bss.xFreeBytesRemaining
                0x000000002000affc        0x4 ./Middlewares/Third_Party/FreeRTOS/Source/portable/MemMang/heap_4.o
 .bss.xMinimumEverFreeBytesRemaining
                0x000000002000b000        0x4 ./Middlewares/Third_Party/FreeRTOS/Source/portable/MemMang/heap_4.o
 .bss.xNumberOfSuccessfulAllocations
                0x000000002000b004        0x4 ./Middlewares/Third_Party/FreeRTOS/Source/portable/MemMang/heap_4.o
 .bss.xNumberOfSuccessfulFrees
                0x000000002000b008        0x4 ./Middlewares/Third_Party/FreeRTOS/Source/portable/MemMang/heap_4.o
 .bss.xBlockAllocatedBit
                0x000000002000b00c        0x4 ./Middlewares/Third_Party/FreeRTOS/Source/portable/MemMang/heap_4.o
 .bss.__lock___malloc_recursive_mutex
                0x000000002000b010        0x1 c:/program files/stm32cubeide_1.7.0/stm32cubeide/plugins/com.st.stm32cube.ide.mcu.externaltools.gnu-tools-for-stm32.10.3-2021.10.win32_1.0.100.202210260954/tools/bin/../lib/gcc/arm-none-eabi/10.3.1/../../../../arm-none-eabi/lib/thumb/v7e-m+fp/hard\libc_nano.a(lib_a-lock.o)
                0x000000002000b010                __lock___malloc_recursive_mutex
 *fill*         0x000000002000b011        0x3 
 .bss.__malloc_free_list
                0x000000002000b014        0x4 c:/program files/stm32cubeide_1.7.0/stm32cubeide/plugins/com.st.stm32cube.ide.mcu.externaltools.gnu-tools-for-stm32.10.3-2021.10.win32_1.0.100.202210260954/tools/bin/../lib/gcc/arm-none-eabi/10.3.1/../../../../arm-none-eabi/lib/thumb/v7e-m+fp/hard\libc_nano.a(lib_a-nano-mallocr.o)
                0x000000002000b014                __malloc_free_list
 .bss.__malloc_sbrk_start
                0x000000002000b018        0x4 c:/program files/stm32cubeide_1.7.0/stm32cubeide/plugins/com.st.stm32cube.ide.mcu.externaltools.gnu-tools-for-stm32.10.3-2021.10.win32_1.0.100.202210260954/tools/bin/../lib/gcc/arm-none-eabi/10.3.1/../../../../arm-none-eabi/lib/thumb/v7e-m+fp/hard\libc_nano.a(lib_a-nano-mallocr.o)
                0x000000002000b018                __malloc_sbrk_start
 .bss.errno     0x000000002000b01c        0x4 c:/program files/stm32cubeide_1.7.0/stm32cubeide/plugins/com.st.stm32cube.ide.mcu.externaltools.gnu-tools-for-stm32.10.3-2021.10.win32_1.0.100.202210260954/tools/bin/../lib/gcc/arm-none-eabi/10.3.1/../../../../arm-none-eabi/lib/thumb/v7e-m+fp/hard\libc_nano.a(lib_a-reent.o)
                0x000000002000b01c                errno
 *(COMMON)
                0x000000002000b020                . = ALIGN (0x4)
                0x000000002000b020                _ebss = .
                0x000000002000b020                __bss_end__ = _ebss

._user_heap_stack
                0x000000002000b020      0x600 load address 0x000000000800b228
                0x000000002000b020                . = ALIGN (0x8)
                [!provide]                        PROVIDE (end = .)
                0x000000002000b020                PROVIDE (_end = .)
                0x000000002000b220                . = (. + _Min_Heap_Size)
 *fill*         0x000000002000b020      0x200 
                0x000000002000b620                . = (. + _Min_Stack_Size)
 *fill*         0x000000002000b220      0x400 
                0x000000002000b620                . = ALIGN (0x8)

/DISCARD/
 libc.a(*)
 libm.a(*)
 libgcc.a(*)

.ARM.attributes
                0x0000000000000000       0x30
 *(.ARM.attributes)
 .ARM.attributes
                0x0000000000000000       0x1e c:/program files/stm32cubeide_1.7.0/stm32cubeide/plugins/com.st.stm32cube.ide.mcu.externaltools.gnu-tools-for-stm32.10.3-2021.10.win32_1.0.100.202210260954/tools/bin/../lib/gcc/arm-none-eabi/10.3.1/thumb/v7e-m+fp/hard/crti.o
 .ARM.attributes
                0x000000000000001e       0x34 c:/program files/stm32cubeide_1.7.0/stm32cubeide/plugins/com.st.stm32cube.ide.mcu.externaltools.gnu-tools-for-stm32.10.3-2021.10.win32_1.0.100.202210260954/tools/bin/../lib/gcc/arm-none-eabi/10.3.1/thumb/v7e-m+fp/hard/crtbegin.o
 .ARM.attributes
                0x0000000000000052       0x34 ./Core/Src/dma.o
 .ARM.attributes
                0x0000000000000086       0x34 ./Core/Src/freertos.o
 .ARM.attributes
                0x00000000000000ba       0x34 ./Core/Src/gpio.o
 .ARM.attributes
                0x00000000000000ee       0x34 ./Core/Src/main.o
 .ARM.attributes
                0x0000000000000122       0x34 ./Core/Src/stm32f4xx_hal_msp.o
 .ARM.attributes
                0x0000000000000156       0x34 ./Core/Src/stm32f4xx_hal_timebase_tim.o
 .ARM.attributes
                0x000000000000018a       0x34 ./Core/Src/stm32f4xx_it.o
 .ARM.attributes
                0x00000000000001be       0x34 ./Core/Src/sysmem.o
 .ARM.attributes
                0x00000000000001f2       0x34 ./Core/Src/system_stm32f4xx.o
 .ARM.attributes
                0x0000000000000226       0x34 ./Core/Src/tim.o
 .ARM.attributes
                0x000000000000025a       0x34 ./Core/Src/usart.o
 .ARM.attributes
                0x000000000000028e       0x21 ./Core/Startup/startup_stm32f446retx.o
 .ARM.attributes
                0x00000000000002af       0x34 ./Core/application/BuzzerTask.o
 .ARM.attributes
                0x00000000000002e3       0x34 ./Core/application/DefTask.o
 .ARM.attributes
                0x0000000000000317       0x34 ./Core/application/print_server.o
 .ARM.attributes
                0x000000000000034b       0x34 ./Drivers/STM32F4xx_HAL_Driver/Src/stm32f4xx_hal.o
 .ARM.attributes
                0x000000000000037f       0x34 ./Drivers/STM32F4xx_HAL_Driver/Src/stm32f4xx_hal_cortex.o
 .ARM.attributes
                0x00000000000003b3       0x34 ./Drivers/STM32F4xx_HAL_Driver/Src/stm32f4xx_hal_dma.o